Component: ARM Compiler 5.06 update 6 (build 750) Tool: armlink [4d35ed]

==============================================================================

Section Cross References

    gd32f30x_adc.o(i.adc_deinit) refers to gd32f30x_rcu.o(i.rcu_periph_reset_enable) for rcu_periph_reset_enable
    gd32f30x_adc.o(i.adc_deinit) refers to gd32f30x_rcu.o(i.rcu_periph_reset_disable) for rcu_periph_reset_disable
    gd32f30x_bkp.o(i.bkp_deinit) refers to gd32f30x_rcu.o(i.rcu_bkp_reset_enable) for rcu_bkp_reset_enable
    gd32f30x_bkp.o(i.bkp_deinit) refers to gd32f30x_rcu.o(i.rcu_bkp_reset_disable) for rcu_bkp_reset_disable
    gd32f30x_can.o(i.can_debug_freeze_disable) refers to gd32f30x_dbg.o(i.dbg_periph_enable) for dbg_periph_enable
    gd32f30x_can.o(i.can_debug_freeze_enable) refers to gd32f30x_dbg.o(i.dbg_periph_enable) for dbg_periph_enable
    gd32f30x_can.o(i.can_deinit) refers to gd32f30x_rcu.o(i.rcu_periph_reset_enable) for rcu_periph_reset_enable
    gd32f30x_can.o(i.can_deinit) refers to gd32f30x_rcu.o(i.rcu_periph_reset_disable) for rcu_periph_reset_disable
    gd32f30x_can.o(i.can_interrupt_flag_get) refers to gd32f30x_can.o(i.can_receive_message_length_get) for can_receive_message_length_get
    gd32f30x_can.o(i.can_interrupt_flag_get) refers to gd32f30x_can.o(i.can_error_get) for can_error_get
    gd32f30x_ctc.o(i.ctc_deinit) refers to gd32f30x_rcu.o(i.rcu_periph_reset_enable) for rcu_periph_reset_enable
    gd32f30x_ctc.o(i.ctc_deinit) refers to gd32f30x_rcu.o(i.rcu_periph_reset_disable) for rcu_periph_reset_disable
    gd32f30x_dac.o(i.dac_deinit) refers to gd32f30x_rcu.o(i.rcu_periph_reset_enable) for rcu_periph_reset_enable
    gd32f30x_dac.o(i.dac_deinit) refers to gd32f30x_rcu.o(i.rcu_periph_reset_disable) for rcu_periph_reset_disable
    gd32f30x_dma.o(i.dma_channel_disable) refers to gd32f30x_dma.o(i.dma_periph_and_channel_check) for dma_periph_and_channel_check
    gd32f30x_dma.o(i.dma_channel_enable) refers to gd32f30x_dma.o(i.dma_periph_and_channel_check) for dma_periph_and_channel_check
    gd32f30x_dma.o(i.dma_circulation_disable) refers to gd32f30x_dma.o(i.dma_periph_and_channel_check) for dma_periph_and_channel_check
    gd32f30x_dma.o(i.dma_circulation_enable) refers to gd32f30x_dma.o(i.dma_periph_and_channel_check) for dma_periph_and_channel_check
    gd32f30x_dma.o(i.dma_deinit) refers to gd32f30x_dma.o(i.dma_periph_and_channel_check) for dma_periph_and_channel_check
    gd32f30x_dma.o(i.dma_init) refers to gd32f30x_dma.o(i.dma_periph_and_channel_check) for dma_periph_and_channel_check
    gd32f30x_dma.o(i.dma_interrupt_disable) refers to gd32f30x_dma.o(i.dma_periph_and_channel_check) for dma_periph_and_channel_check
    gd32f30x_dma.o(i.dma_interrupt_enable) refers to gd32f30x_dma.o(i.dma_periph_and_channel_check) for dma_periph_and_channel_check
    gd32f30x_dma.o(i.dma_memory_address_config) refers to gd32f30x_dma.o(i.dma_periph_and_channel_check) for dma_periph_and_channel_check
    gd32f30x_dma.o(i.dma_memory_increase_disable) refers to gd32f30x_dma.o(i.dma_periph_and_channel_check) for dma_periph_and_channel_check
    gd32f30x_dma.o(i.dma_memory_increase_enable) refers to gd32f30x_dma.o(i.dma_periph_and_channel_check) for dma_periph_and_channel_check
    gd32f30x_dma.o(i.dma_memory_to_memory_disable) refers to gd32f30x_dma.o(i.dma_periph_and_channel_check) for dma_periph_and_channel_check
    gd32f30x_dma.o(i.dma_memory_to_memory_enable) refers to gd32f30x_dma.o(i.dma_periph_and_channel_check) for dma_periph_and_channel_check
    gd32f30x_dma.o(i.dma_memory_width_config) refers to gd32f30x_dma.o(i.dma_periph_and_channel_check) for dma_periph_and_channel_check
    gd32f30x_dma.o(i.dma_periph_address_config) refers to gd32f30x_dma.o(i.dma_periph_and_channel_check) for dma_periph_and_channel_check
    gd32f30x_dma.o(i.dma_periph_increase_disable) refers to gd32f30x_dma.o(i.dma_periph_and_channel_check) for dma_periph_and_channel_check
    gd32f30x_dma.o(i.dma_periph_increase_enable) refers to gd32f30x_dma.o(i.dma_periph_and_channel_check) for dma_periph_and_channel_check
    gd32f30x_dma.o(i.dma_periph_width_config) refers to gd32f30x_dma.o(i.dma_periph_and_channel_check) for dma_periph_and_channel_check
    gd32f30x_dma.o(i.dma_priority_config) refers to gd32f30x_dma.o(i.dma_periph_and_channel_check) for dma_periph_and_channel_check
    gd32f30x_dma.o(i.dma_transfer_direction_config) refers to gd32f30x_dma.o(i.dma_periph_and_channel_check) for dma_periph_and_channel_check
    gd32f30x_dma.o(i.dma_transfer_number_config) refers to gd32f30x_dma.o(i.dma_periph_and_channel_check) for dma_periph_and_channel_check
    gd32f30x_dma.o(i.dma_transfer_number_get) refers to gd32f30x_dma.o(i.dma_periph_and_channel_check) for dma_periph_and_channel_check
    gd32f30x_fmc.o(i.fmc_bank0_erase) refers to gd32f30x_fmc.o(i.fmc_bank0_ready_wait) for fmc_bank0_ready_wait
    gd32f30x_fmc.o(i.fmc_bank0_ready_wait) refers to gd32f30x_fmc.o(i.fmc_bank0_state_get) for fmc_bank0_state_get
[...]
    Removing gd32f30x_sdio.o(i.sdio_readwait_type_set), (40 bytes).
    Removing gd32f30x_sdio.o(i.sdio_response_get), (56 bytes).
    Removing gd32f30x_sdio.o(i.sdio_stop_readwait_disable), (20 bytes).
    Removing gd32f30x_sdio.o(i.sdio_stop_readwait_enable), (20 bytes).
    Removing gd32f30x_sdio.o(i.sdio_suspend_disable), (20 bytes).
    Removing gd32f30x_sdio.o(i.sdio_suspend_enable), (20 bytes).
    Removing gd32f30x_sdio.o(i.sdio_wait_type_set), (28 bytes).
    Removing gd32f30x_spi.o(.rev16_text), (4 bytes).
    Removing gd32f30x_spi.o(.revsh_text), (4 bytes).
    Removing gd32f30x_spi.o(i.i2s_disable), (10 bytes).
    Removing gd32f30x_spi.o(i.i2s_enable), (10 bytes).
    Removing gd32f30x_spi.o(i.i2s_init), (28 bytes).
    Removing gd32f30x_spi.o(i.i2s_psc_config), (170 bytes).
    Removing gd32f30x_spi.o(i.qspi_disable), (14 bytes).
    Removing gd32f30x_spi.o(i.qspi_enable), (14 bytes).
    Removing gd32f30x_spi.o(i.qspi_io23_output_disable), (14 bytes).
    Removing gd32f30x_spi.o(i.qspi_io23_output_enable), (14 bytes).
    Removing gd32f30x_spi.o(i.qspi_read_enable), (14 bytes).
    Removing gd32f30x_spi.o(i.qspi_write_enable), (14 bytes).
    Removing gd32f30x_spi.o(i.spi_bidirectional_transfer_config), (26 bytes).
    Removing gd32f30x_spi.o(i.spi_crc_error_clear), (10 bytes).
    Removing gd32f30x_spi.o(i.spi_crc_get), (16 bytes).
    Removing gd32f30x_spi.o(i.spi_crc_next), (10 bytes).
    Removing gd32f30x_spi.o(i.spi_crc_off), (10 bytes).
    Removing gd32f30x_spi.o(i.spi_crc_on), (10 bytes).
    Removing gd32f30x_spi.o(i.spi_crc_polynomial_get), (8 bytes).
    Removing gd32f30x_spi.o(i.spi_crc_polynomial_set), (12 bytes).
    Removing gd32f30x_spi.o(i.spi_disable), (10 bytes).
    Removing gd32f30x_spi.o(i.spi_dma_disable), (22 bytes).
    Removing gd32f30x_spi.o(i.spi_dma_enable), (22 bytes).
    Removing gd32f30x_spi.o(i.spi_enable), (10 bytes).
    Removing gd32f30x_spi.o(i.spi_i2s_data_frame_format_config), (16 bytes).
    Removing gd32f30x_spi.o(i.spi_i2s_data_receive), (8 bytes).
    Removing gd32f30x_spi.o(i.spi_i2s_data_transmit), (4 bytes).
    Removing gd32f30x_spi.o(i.spi_i2s_deinit), (88 bytes).
    Removing gd32f30x_spi.o(i.spi_i2s_flag_get), (16 bytes).
    Removing gd32f30x_spi.o(i.spi_i2s_interrupt_disable), (48 bytes).
    Removing gd32f30x_spi.o(i.spi_i2s_interrupt_enable), (48 bytes).
    Removing gd32f30x_spi.o(i.spi_i2s_interrupt_flag_get), (112 bytes).
    Removing gd32f30x_spi.o(i.spi_init), (50 bytes).
    Removing gd32f30x_spi.o(i.spi_nss_internal_high), (10 bytes).
    Removing gd32f30x_spi.o(i.spi_nss_internal_low), (10 bytes).
    Removing gd32f30x_spi.o(i.spi_nss_output_disable), (10 bytes).
    Removing gd32f30x_spi.o(i.spi_nss_output_enable), (10 bytes).
    Removing gd32f30x_spi.o(i.spi_nssp_mode_disable), (10 bytes).
    Removing gd32f30x_spi.o(i.spi_nssp_mode_enable), (10 bytes).
    Removing gd32f30x_spi.o(i.spi_struct_para_init), (18 bytes).
    Removing gd32f30x_spi.o(i.spi_ti_mode_disable), (10 bytes).
    Removing gd32f30x_spi.o(i.spi_ti_mode_enable), (10 bytes).
    Removing gd32f30x_timer.o(.rev16_text), (4 bytes).
    Removing gd32f30x_timer.o(.revsh_text), (4 bytes).
    Removing gd32f30x_timer.o(i.timer_auto_reload_shadow_disable), (10 bytes).
    Removing gd32f30x_timer.o(i.timer_auto_reload_shadow_enable), (10 bytes).
    Removing gd32f30x_timer.o(i.timer_automatic_output_disable), (10 bytes).
    Removing gd32f30x_timer.o(i.timer_automatic_output_enable), (10 bytes).
    Removing gd32f30x_timer.o(i.timer_autoreload_value_config), (4 bytes).
    Removing gd32f30x_timer.o(i.timer_break_config), (30 bytes).
    Removing gd32f30x_timer.o(i.timer_break_disable), (10 bytes).
    Removing gd32f30x_timer.o(i.timer_break_enable), (10 bytes).
    Removing gd32f30x_timer.o(i.timer_break_struct_para_init), (18 bytes).
    Removing gd32f30x_timer.o(i.timer_channel_capture_value_register_read), (42 bytes).
    Removing gd32f30x_timer.o(i.timer_channel_complementary_output_polarity_config), (70 bytes).
    Removing gd32f30x_timer.o(i.timer_channel_complementary_output_state_config), (70 bytes).
    Removing gd32f30x_timer.o(i.timer_channel_control_shadow_config), (24 bytes).
    Removing gd32f30x_timer.o(i.timer_channel_control_shadow_update_config), (26 bytes).
    Removing gd32f30x_timer.o(i.timer_channel_dma_request_source_select), (26 bytes).
    Removing gd32f30x_timer.o(i.timer_channel_input_capture_prescaler_config), (90 bytes).
    Removing gd32f30x_timer.o(i.timer_channel_input_struct_para_init), (16 bytes).
    Removing gd32f30x_timer.o(i.timer_channel_output_clear_config), (90 bytes).
    Removing gd32f30x_timer.o(i.timer_channel_output_config), (492 bytes).
    Removing gd32f30x_timer.o(i.timer_channel_output_fast_config), (90 bytes).
    Removing gd32f30x_timer.o(i.timer_channel_output_mode_config), (90 bytes).
    Removing gd32f30x_timer.o(i.timer_channel_output_polarity_config), (92 bytes).
    Removing gd32f30x_timer.o(i.timer_channel_output_pulse_value_config), (38 bytes).
    Removing gd32f30x_timer.o(i.timer_channel_output_shadow_config), (90 bytes).
    Removing gd32f30x_timer.o(i.timer_channel_output_state_config), (92 bytes).
    Removing gd32f30x_timer.o(i.timer_channel_output_struct_para_init), (16 bytes).
    Removing gd32f30x_timer.o(i.timer_counter_alignment), (16 bytes).
    Removing gd32f30x_timer.o(i.timer_counter_down_direction), (10 bytes).
    Removing gd32f30x_timer.o(i.timer_counter_read), (8 bytes).
    Removing gd32f30x_timer.o(i.timer_counter_up_direction), (10 bytes).
    Removing gd32f30x_timer.o(i.timer_counter_value_config), (4 bytes).
    Removing gd32f30x_timer.o(i.timer_deinit), (220 bytes).
    Removing gd32f30x_timer.o(i.timer_dma_disable), (8 bytes).
    Removing gd32f30x_timer.o(i.timer_dma_enable), (8 bytes).
    Removing gd32f30x_timer.o(i.timer_dma_transfer_config), (24 bytes).
    Removing gd32f30x_timer.o(i.timer_event_software_generate), (8 bytes).
    Removing gd32f30x_timer.o(i.timer_external_clock_mode0_config), (40 bytes).
    Removing gd32f30x_timer.o(i.timer_external_clock_mode1_config), (32 bytes).
    Removing gd32f30x_timer.o(i.timer_external_clock_mode1_disable), (10 bytes).
    Removing gd32f30x_timer.o(i.timer_external_trigger_as_external_clock_config), (166 bytes).
    Removing gd32f30x_timer.o(i.timer_external_trigger_config), (30 bytes).
    Removing gd32f30x_timer.o(i.timer_flag_get), (16 bytes).
    Removing gd32f30x_timer.o(i.timer_hall_mode_config), (26 bytes).
    Removing gd32f30x_timer.o(i.timer_input_capture_config), (326 bytes).
    Removing gd32f30x_timer.o(i.timer_input_pwm_capture_config), (356 bytes).
    Removing gd32f30x_timer.o(i.timer_input_trigger_source_select), (16 bytes).
    Removing gd32f30x_timer.o(i.timer_internal_clock_config), (10 bytes).
    Removing gd32f30x_timer.o(i.timer_internal_trigger_as_external_clock_config), (32 bytes).
    Removing gd32f30x_timer.o(i.timer_interrupt_disable), (8 bytes).
    Removing gd32f30x_timer.o(i.timer_master_output_trigger_source_select), (16 bytes).
    Removing gd32f30x_timer.o(i.timer_master_slave_mode_config), (26 bytes).
    Removing gd32f30x_timer.o(i.timer_output_value_selection_config), (34 bytes).
    Removing gd32f30x_timer.o(i.timer_prescaler_config), (14 bytes).
    Removing gd32f30x_timer.o(i.timer_prescaler_read), (10 bytes).
    Removing gd32f30x_timer.o(i.timer_primary_output_config), (24 bytes).
    Removing gd32f30x_timer.o(i.timer_quadrature_decoder_mode_config), (64 bytes).
    Removing gd32f30x_timer.o(i.timer_repetition_value_config), (4 bytes).
    Removing gd32f30x_timer.o(i.timer_single_pulse_mode_config), (26 bytes).
    Removing gd32f30x_timer.o(i.timer_slave_mode_select), (16 bytes).
    Removing gd32f30x_timer.o(i.timer_struct_para_init), (22 bytes).
    Removing gd32f30x_timer.o(i.timer_update_event_disable), (10 bytes).
    Removing gd32f30x_timer.o(i.timer_update_event_enable), (10 bytes).
    Removing gd32f30x_timer.o(i.timer_update_source_config), (26 bytes).
    Removing gd32f30x_timer.o(i.timer_write_chxval_register_config), (34 bytes).
    Removing gd32f30x_usart.o(.rev16_text), (4 bytes).
    Removing gd32f30x_usart.o(.revsh_text), (4 bytes).
    Removing gd32f30x_usart.o(i.usart_address_config), (20 bytes).
    Removing gd32f30x_usart.o(i.usart_block_length_config), (28 bytes).
    Removing gd32f30x_usart.o(i.usart_data_first_config), (20 bytes).
    Removing gd32f30x_usart.o(i.usart_disable), (10 bytes).
    Removing gd32f30x_usart.o(i.usart_dma_receive_config), (16 bytes).
    Removing gd32f30x_usart.o(i.usart_dma_transmit_config), (16 bytes).
    Removing gd32f30x_usart.o(i.usart_flag_get), (30 bytes).
    Removing gd32f30x_usart.o(i.usart_guard_time_config), (24 bytes).
    Removing gd32f30x_usart.o(i.usart_halfduplex_disable), (10 bytes).
    Removing gd32f30x_usart.o(i.usart_halfduplex_enable), (10 bytes).
    Removing gd32f30x_usart.o(i.usart_hardware_flow_cts_config), (16 bytes).
    Removing gd32f30x_usart.o(i.usart_hardware_flow_rts_config), (16 bytes).
    Removing gd32f30x_usart.o(i.usart_interrupt_disable), (26 bytes).
    Removing gd32f30x_usart.o(i.usart_invert_config), (104 bytes).
    Removing gd32f30x_usart.o(i.usart_irda_lowpower_config), (20 bytes).
    Removing gd32f30x_usart.o(i.usart_irda_mode_disable), (10 bytes).
    Removing gd32f30x_usart.o(i.usart_irda_mode_enable), (10 bytes).
    Removing gd32f30x_usart.o(i.usart_lin_break_detection_length_config), (20 bytes).
    Removing gd32f30x_usart.o(i.usart_lin_mode_disable), (10 bytes).
    Removing gd32f30x_usart.o(i.usart_lin_mode_enable), (10 bytes).
    Removing gd32f30x_usart.o(i.usart_mute_mode_disable), (10 bytes).
    Removing gd32f30x_usart.o(i.usart_mute_mode_enable), (10 bytes).
    Removing gd32f30x_usart.o(i.usart_mute_mode_wakeup_config), (16 bytes).
    Removing gd32f30x_usart.o(i.usart_prescaler_config), (16 bytes).
    Removing gd32f30x_usart.o(i.usart_receiver_timeout_disable), (14 bytes).
    Removing gd32f30x_usart.o(i.usart_receiver_timeout_enable), (14 bytes).
    Removing gd32f30x_usart.o(i.usart_receiver_timeout_threshold_config), (20 bytes).
    Removing gd32f30x_usart.o(i.usart_send_break), (10 bytes).
    Removing gd32f30x_usart.o(i.usart_smartcard_autoretry_config), (26 bytes).
    Removing gd32f30x_usart.o(i.usart_smartcard_mode_disable), (10 bytes).
    Removing gd32f30x_usart.o(i.usart_smartcard_mode_enable), (10 bytes).
    Removing gd32f30x_usart.o(i.usart_smartcard_mode_nack_disable), (10 bytes).
    Removing gd32f30x_usart.o(i.usart_smartcard_mode_nack_enable), (10 bytes).
    Removing gd32f30x_usart.o(i.usart_synchronous_clock_config), (34 bytes).
    Removing gd32f30x_usart.o(i.usart_synchronous_clock_disable), (10 bytes).
    Removing gd32f30x_usart.o(i.usart_synchronous_clock_enable), (10 bytes).
    Removing gd32f30x_wwdgt.o(.rev16_text), (4 bytes).
    Removing gd32f30x_wwdgt.o(.revsh_text), (4 bytes).
    Removing gd32f30x_wwdgt.o(i.wwdgt_config), (56 bytes).
    Removing gd32f30x_wwdgt.o(i.wwdgt_counter_update), (28 bytes).
    Removing gd32f30x_wwdgt.o(i.wwdgt_deinit), (20 bytes).
    Removing gd32f30x_wwdgt.o(i.wwdgt_enable), (20 bytes).
    Removing gd32f30x_wwdgt.o(i.wwdgt_flag_clear), (20 bytes).
    Removing gd32f30x_wwdgt.o(i.wwdgt_flag_get), (24 bytes).
    Removing gd32f30x_wwdgt.o(i.wwdgt_interrupt_enable), (20 bytes).
    Removing system_gd32f30x.o(.rev16_text), (4 bytes).
    Removing system_gd32f30x.o(.revsh_text), (4 bytes).
    Removing system_gd32f30x.o(i.SystemCoreClockUpdate), (184 bytes).
    Removing system_gd32f30x.o(.data), (4 bytes).
    Removing main.o(.rev16_text), (4 bytes).
    Removing main.o(.revsh_text), (4 bytes).
    Removing main.o(i.app_pre_init), (2 bytes).
    Removing gd32f30x_it.o(.rev16_text), (4 bytes).
    Removing gd32f30x_it.o(.revsh_text), (4 bytes).
    Removing sys_hard.o(.rev16_text), (4 bytes).
    Removing sys_hard.o(.revsh_text), (4 bytes).
    Removing sys_main.o(.rev16_text), (4 bytes).
    Removing sys_main.o(.revsh_text), (4 bytes).
    Removing sys_par.o(.rev16_text), (4 bytes).
    Removing sys_par.o(.revsh_text), (4 bytes).
    Removing sys_par.o(i.api_init_sys_par), (44 bytes).
    Removing sys_par.o(i.api_read_sys_par_rt), (56 bytes).
    Removing sys_par.o(i.api_save_sys_par_rt), (56 bytes).
    Removing sys_par.o(i.gSysParLoadAll), (104 bytes).
    Removing sys_task.o(.rev16_text), (4 bytes).
    Removing sys_task.o(.revsh_text), (4 bytes).
    Removing api_canbus.o(.rev16_text), (4 bytes).
    Removing api_canbus.o(.revsh_text), (4 bytes).
    Removing api_excom.o(.rev16_text), (4 bytes).
    Removing api_excom.o(.revsh_text), (4 bytes).
    Removing api_excom.o(i._send_intervl), (224 bytes).
    Removing api_excom.o(.data), (2 bytes).
    Removing leddis.o(.rev16_text), (4 bytes).
    Removing leddis.o(.revsh_text), (4 bytes).
    Removing leddis.o(i.Led_Clr), (40 bytes).
    Removing leddis.o(i.Led_Set_Flash), (28 bytes).
    Removing leddis.o(i.Led_Set_PT), (20 bytes).
    Removing leddis.o(i.Led_Set_U8), (20 bytes).
    Removing buffer.o(.rev16_text), (4 bytes).
    Removing buffer.o(.revsh_text), (4 bytes).
    Removing queue.o(i.destroy_queue), (28 bytes).
    Removing delay.o(.rev16_text), (4 bytes).
    Removing delay.o(.revsh_text), (4 bytes).
    Removing nvic.o(.rev16_text), (4 bytes).
    Removing nvic.o(.revsh_text), (4 bytes).
    Removing nvic.o(i.sys_soft_reset), (44 bytes).
    Removing can.o(.rev16_text), (4 bytes).
    Removing can.o(.revsh_text), (4 bytes).
    Removing can.o(i.can_receive_msg), (60 bytes).
    Removing can.o(i.can_send_msg), (116 bytes).
    Removing drv_io.o(.rev16_text), (4 bytes).
    Removing drv_io.o(.revsh_text), (4 bytes).
    Removing drv_pwm.o(.rev16_text), (4 bytes).
    Removing drv_pwm.o(.revsh_text), (4 bytes).
    Removing drv_flash.o(.rev16_text), (4 bytes).
    Removing drv_flash.o(.revsh_text), (4 bytes).
    Removing drv_flash.o(i.FLASH_Read), (26 bytes).
    Removing drv_flash.o(i.FLASH_Write), (344 bytes).
    Removing drv_flash.o(i.FLASH_Write_NoCheck), (38 bytes).
    Removing drv_flash.o(.bss), (2048 bytes).
    Removing drv_eprom.o(.rev16_text), (4 bytes).
    Removing drv_eprom.o(.revsh_text), (4 bytes).
    Removing drv_eprom.o(i.E2PromLogic), (876 bytes).
    Removing drv_eprom.o(i.I2C_FRAM_BufferWriteBNoDly), (184 bytes).
    Removing drv_sci.o(.rev16_text), (4 bytes).
    Removing drv_sci.o(.revsh_text), (4 bytes).

660 unused section(s) (total 25932 bytes) removed from the image.

==============================================================================

Image Symbol Table

    Local Symbols

    Symbol Name                              Value     Ov Type        Size  Object(Section)

    ../clib/microlib/init/entry.s            0x00000000   Number         0  entry.o ABSOLUTE
    ../clib/microlib/init/entry.s            0x00000000   Number         0  entry10b.o ABSOLUTE
    ../clib/microlib/init/entry.s            0x00000000   Number         0  entry11a.o ABSOLUTE
    ../clib/microlib/init/entry.s            0x00000000   Number         0  entry11b.o ABSOLUTE
    ../clib/microlib/init/entry.s            0x00000000   Number         0  entry9b.o ABSOLUTE
    ../clib/microlib/init/entry.s            0x00000000   Number         0  entry2.o ABSOLUTE
    ../clib/microlib/init/entry.s            0x00000000   Number         0  entry5.o ABSOLUTE
    ../clib/microlib/init/entry.s            0x00000000   Number         0  entry7a.o ABSOLUTE
    ../clib/microlib/init/entry.s            0x00000000   Number         0  entry7b.o ABSOLUTE
    ../clib/microlib/init/entry.s            0x00000000   Number         0  entry8a.o ABSOLUTE
    ../clib/microlib/init/entry.s            0x00000000   Number         0  entry8b.o ABSOLUTE
    ../clib/microlib/init/entry.s            0x00000000   Number         0  entry9a.o ABSOLUTE
    ../clib/microlib/init/entry.s            0x00000000   Number         0  entry10a.o ABSOLUTE
    ../clib/microlib/malloc/malloc.c         0x00000000   Number         0  malloca.o ABSOLUTE
    ../clib/microlib/malloc/malloc.c         0x00000000   Number         0  mallocr.o ABSOLUTE
    ../clib/microlib/malloc/malloc.c         0x00000000   Number         0  malloc.o ABSOLUTE
    ../clib/microlib/malloc/malloc.c         0x00000000   Number         0  mallocra.o ABSOLUTE
    ../clib/microlib/malloc/mvars.c          0x00000000   Number         0  mvars.o ABSOLUTE
    ../clib/microlib/string/memcmp.c         0x00000000   Number         0  memcmp.o ABSOLUTE
    ../clib/microlib/string/memcpy.c         0x00000000   Number         0  memcpyb.o ABSOLUTE
    ../clib/microlib/string/memcpy.c         0x00000000   Number         0  memcpya.o ABSOLUTE
    ../clib/microlib/string/memset.c         0x00000000   Number         0  memseta.o ABSOLUTE
    ..\Libraries\CMSIS\GD\GD32F30x\Source\ARM\startup_gd32f30x_hd.s 0x00000000   Number         0  startup_gd32f30x_hd.o ABSOLUTE
    ..\Libraries\CMSIS\GD\GD32F30x\Source\system_gd32f30x.c 0x00000000   Number         0  system_gd32f30x.o ABSOLUTE
    ..\Libraries\GD32F30x_standard_peripheral\Source\gd32f30x_adc.c 0x00000000   Number         0  gd32f30x_adc.o ABSOLUTE
    ..\Libraries\GD32F30x_standard_peripheral\Source\gd32f30x_bkp.c 0x00000000   Number         0  gd32f30x_bkp.o ABSOLUTE
    ..\Libraries\GD32F30x_standard_peripheral\Source\gd32f30x_can.c 0x00000000   Number         0  gd32f30x_can.o ABSOLUTE
    ..\Libraries\GD32F30x_standard_peripheral\Source\gd32f30x_crc.c 0x00000000   Number         0  gd32f30x_crc.o ABSOLUTE
    ..\Libraries\GD32F30x_standard_peripheral\Source\gd32f30x_ctc.c 0x00000000   Number         0  gd32f30x_ctc.o ABSOLUTE
    ..\Libraries\GD32F30x_standard_peripheral\Source\gd32f30x_dac.c 0x00000000   Number         0  gd32f30x_dac.o ABSOLUTE
    ..\Libraries\GD32F30x_standard_peripheral\Source\gd32f30x_dbg.c 0x00000000   Number         0  gd32f30x_dbg.o ABSOLUTE
    ..\Libraries\GD32F30x_standard_peripheral\Source\gd32f30x_dma.c 0x00000000   Number         0  gd32f30x_dma.o ABSOLUTE
    ..\Libraries\GD32F30x_standard_peripheral\Source\gd32f30x_enet.c 0x00000000   Number         0  gd32f30x_enet.o ABSOLUTE
    ..\Libraries\GD32F30x_standard_peripheral\Source\gd32f30x_exmc.c 0x00000000   Number         0  gd32f30x_exmc.o ABSOLUTE
    ..\Libraries\GD32F30x_standard_peripheral\Source\gd32f30x_exti.c 0x00000000   Number         0  gd32f30x_exti.o ABSOLUTE
    ..\Libraries\GD32F30x_standard_peripheral\Source\gd32f30x_fmc.c 0x00000000   Number         0  gd32f30x_fmc.o ABSOLUTE
    ..\Libraries\GD32F30x_standard_peripheral\Source\gd32f30x_fwdgt.c 0x00000000   Number         0  gd32f30x_fwdgt.o ABSOLUTE
    ..\Libraries\GD32F30x_standard_peripheral\Source\gd32f30x_gpio.c 0x00000000   Number         0  gd32f30x_gpio.o ABSOLUTE
    ..\Libraries\GD32F30x_standard_peripheral\Source\gd32f30x_i2c.c 0x00000000   Number         0  gd32f30x_i2c.o ABSOLUTE
    ..\Libraries\GD32F30x_standard_peripheral\Source\gd32f30x_misc.c 0x00000000   Number         0  gd32f30x_misc.o ABSOLUTE
    ..\Libraries\GD32F30x_standard_peripheral\Source\gd32f30x_pmu.c 0x00000000   Number         0  gd32f30x_pmu.o ABSOLUTE
    ..\Libraries\GD32F30x_standard_peripheral\Source\gd32f30x_rcu.c 0x00000000   Number         0  gd32f30x_rcu.o ABSOLUTE
    ..\Libraries\GD32F30x_standard_peripheral\Source\gd32f30x_rtc.c 0x00000000   Number         0  gd32f30x_rtc.o ABSOLUTE
    ..\Libraries\GD32F30x_standard_peripheral\Source\gd32f30x_sdio.c 0x00000000   Number         0  gd32f30x_sdio.o ABSOLUTE
    ..\Libraries\GD32F30x_standard_peripheral\Source\gd32f30x_spi.c 0x00000000   Number         0  gd32f30x_spi.o ABSOLUTE
    ..\Libraries\GD32F30x_standard_peripheral\Source\gd32f30x_timer.c 0x00000000   Number         0  gd32f30x_timer.o ABSOLUTE
    ..\Libraries\GD32F30x_standard_peripheral\Source\gd32f30x_usart.c 0x00000000   Number         0  gd32f30x_usart.o ABSOLUTE
    ..\Libraries\GD32F30x_standard_peripheral\Source\gd32f30x_wwdgt.c 0x00000000   Number         0  gd32f30x_wwdgt.o ABSOLUTE
    ..\User\app\LedDis.c                     0x00000000   Number         0  leddis.o ABSOLUTE
    ..\User\app\api_canbus.c                 0x00000000   Number         0  api_canbus.o ABSOLUTE
    ..\User\app\api_excom.c                  0x00000000   Number         0  api_excom.o ABSOLUTE
    ..\User\app\sys_hard.c                   0x00000000   Number         0  sys_hard.o ABSOLUTE
    ..\User\app\sys_main.c                   0x00000000   Number         0  sys_main.o ABSOLUTE
    ..\User\app\sys_par.c                    0x00000000   Number         0  sys_par.o ABSOLUTE
    ..\User\app\sys_task.c                   0x00000000   Number         0  sys_task.o ABSOLUTE
    ..\User\base_driver\can.c                0x00000000   Number         0  can.o ABSOLUTE
    ..\User\base_driver\delay.c              0x00000000   Number         0  delay.o ABSOLUTE
    ..\User\base_driver\nvic.c               0x00000000   Number         0  nvic.o ABSOLUTE
    ..\User\bsp\drv_eprom.c                  0x00000000   Number         0  drv_eprom.o ABSOLUTE
    ..\User\bsp\drv_flash.c                  0x00000000   Number         0  drv_flash.o ABSOLUTE
    ..\User\bsp\drv_io.c                     0x00000000   Number         0  drv_io.o ABSOLUTE
    ..\User\bsp\drv_pwm.c                    0x00000000   Number         0  drv_pwm.o ABSOLUTE
    ..\User\bsp\drv_sci.c                    0x00000000   Number         0  drv_sci.o ABSOLUTE
    ..\User\gd32f30x_it.c                    0x00000000   Number         0  gd32f30x_it.o ABSOLUTE
    ..\User\main.c                           0x00000000   Number         0  main.o ABSOLUTE
    ..\User\moudle\buffer.c                  0x00000000   Number         0  buffer.o ABSOLUTE
    ..\User\moudle\queue.c                   0x00000000   Number         0  queue.o ABSOLUTE
    ..\\Libraries\\CMSIS\\GD\\GD32F30x\\Source\\system_gd32f30x.c 0x00000000   Number         0  system_gd32f30x.o ABSOLUTE
    ..\\Libraries\\GD32F30x_standard_peripheral\\Source\\gd32f30x_adc.c 0x00000000   Number         0  gd32f30x_adc.o ABSOLUTE
    ..\\Libraries\\GD32F30x_standard_peripheral\\Source\\gd32f30x_bkp.c 0x00000000   Number         0  gd32f30x_bkp.o ABSOLUTE
    ..\\Libraries\\GD32F30x_standard_peripheral\\Source\\gd32f30x_can.c 0x00000000   Number         0  gd32f30x_can.o ABSOLUTE
    ..\\Libraries\\GD32F30x_standard_peripheral\\Source\\gd32f30x_crc.c 0x00000000   Number         0  gd32f30x_crc.o ABSOLUTE
    ..\\Libraries\\GD32F30x_standard_peripheral\\Source\\gd32f30x_ctc.c 0x00000000   Number         0  gd32f30x_ctc.o ABSOLUTE
    ..\\Libraries\\GD32F30x_standard_peripheral\\Source\\gd32f30x_dac.c 0x00000000   Number         0  gd32f30x_dac.o ABSOLUTE
    ..\\Libraries\\GD32F30x_standard_peripheral\\Source\\gd32f30x_dbg.c 0x00000000   Number         0  gd32f30x_dbg.o ABSOLUTE
    ..\\Libraries\\GD32F30x_standard_peripheral\\Source\\gd32f30x_dma.c 0x00000000   Number         0  gd32f30x_dma.o ABSOLUTE
    ..\\Libraries\\GD32F30x_standard_peripheral\\Source\\gd32f30x_enet.c 0x00000000   Number         0  gd32f30x_enet.o ABSOLUTE
    ..\\Libraries\\GD32F30x_standard_peripheral\\Source\\gd32f30x_exmc.c 0x00000000   Number         0  gd32f30x_exmc.o ABSOLUTE
    ..\\Libraries\\GD32F30x_standard_peripheral\\Source\\gd32f30x_exti.c 0x00000000   Number         0  gd32f30x_exti.o ABSOLUTE
    ..\\Libraries\\GD32F30x_standard_peripheral\\Source\\gd32f30x_fmc.c 0x00000000   Number         0  gd32f30x_fmc.o ABSOLUTE
    ..\\Libraries\\GD32F30x_standard_peripheral\\Source\\gd32f30x_fwdgt.c 0x00000000   Number         0  gd32f30x_fwdgt.o ABSOLUTE
    ..\\Libraries\\GD32F30x_standard_peripheral\\Source\\gd32f30x_gpio.c 0x00000000   Number         0  gd32f30x_gpio.o ABSOLUTE
    ..\\Libraries\\GD32F30x_standard_peripheral\\Source\\gd32f30x_i2c.c 0x00000000   Number         0  gd32f30x_i2c.o ABSOLUTE
    ..\\Libraries\\GD32F30x_standard_peripheral\\Source\\gd32f30x_misc.c 0x00000000   Number         0  gd32f30x_misc.o ABSOLUTE
    ..\\Libraries\\GD32F30x_standard_peripheral\\Source\\gd32f30x_pmu.c 0x00000000   Number         0  gd32f30x_pmu.o ABSOLUTE
    ..\\Libraries\\GD32F30x_standard_peripheral\\Source\\gd32f30x_rcu.c 0x00000000   Number         0  gd32f30x_rcu.o ABSOLUTE
    ..\\Libraries\\GD32F30x_standard_peripheral\\Source\\gd32f30x_rtc.c 0x00000000   Number         0  gd32f30x_rtc.o ABSOLUTE
    ..\\Libraries\\GD32F30x_standard_peripheral\\Source\\gd32f30x_sdio.c 0x00000000   Number         0  gd32f30x_sdio.o ABSOLUTE
    ..\\Libraries\\GD32F30x_standard_peripheral\\Source\\gd32f30x_spi.c 0x00000000   Number         0  gd32f30x_spi.o ABSOLUTE
    ..\\Libraries\\GD32F30x_standard_peripheral\\Source\\gd32f30x_timer.c 0x00000000   Number         0  gd32f30x_timer.o ABSOLUTE
    ..\\Libraries\\GD32F30x_standard_peripheral\\Source\\gd32f30x_usart.c 0x00000000   Number         0  gd32f30x_usart.o ABSOLUTE
    ..\\Libraries\\GD32F30x_standard_peripheral\\Source\\gd32f30x_wwdgt.c 0x00000000   Number         0  gd32f30x_wwdgt.o ABSOLUTE
    ..\\User\\app\\LedDis.c                  0x00000000   Number         0  leddis.o ABSOLUTE
    ..\\User\\app\\api_canbus.c              0x00000000   Number         0  api_canbus.o ABSOLUTE
    ..\\User\\app\\api_excom.c               0x00000000   Number         0  api_excom.o ABSOLUTE
    ..\\User\\app\\sys_hard.c                0x00000000   Number         0  sys_hard.o ABSOLUTE
    ..\\User\\app\\sys_main.c                0x00000000   Number         0  sys_main.o ABSOLUTE
    ..\\User\\app\\sys_par.c                 0x00000000   Number         0  sys_par.o ABSOLUTE
    ..\\User\\app\\sys_task.c                0x00000000   Number         0  sys_task.o ABSOLUTE
    ..\\User\\base_driver\\can.c             0x00000000   Number         0  can.o ABSOLUTE
    ..\\User\\base_driver\\delay.c           0x00000000   Number         0  delay.o ABSOLUTE
    ..\\User\\base_driver\\nvic.c            0x00000000   Number         0  nvic.o ABSOLUTE
    ..\\User\\bsp\\drv_eprom.c               0x00000000   Number         0  drv_eprom.o ABSOLUTE
    ..\\User\\bsp\\drv_flash.c               0x00000000   Number         0  drv_flash.o ABSOLUTE
    ..\\User\\bsp\\drv_io.c                  0x00000000   Number         0  drv_io.o ABSOLUTE
    ..\\User\\bsp\\drv_pwm.c                 0x00000000   Number         0  drv_pwm.o ABSOLUTE
    ..\\User\\bsp\\drv_sci.c                 0x00000000   Number         0  drv_sci.o ABSOLUTE
    ..\\User\\gd32f30x_it.c                  0x00000000   Number         0  gd32f30x_it.o ABSOLUTE
    ..\\User\\main.c                         0x00000000   Number         0  main.o ABSOLUTE
    ..\\User\\moudle\\buffer.c               0x00000000   Number         0  buffer.o ABSOLUTE
    dc.s                                     0x00000000   Number         0  dc.o ABSOLUTE
    handlers.s                               0x00000000   Number         0  handlers.o ABSOLUTE
    init.s                                   0x00000000   Number         0  init.o ABSOLUTE
    RESET                                    0x08000000   Section      304  startup_gd32f30x_hd.o(RESET)
    .ARM.Collect$$$$00000000                 0x08000130   Section        0  entry.o(.ARM.Collect$$$$00000000)
    .ARM.Collect$$$$00000001                 0x08000130   Section        4  entry2.o(.ARM.Collect$$$$00000001)
    .ARM.Collect$$$$00000004                 0x08000134   Section        4  entry5.o(.ARM.Collect$$$$00000004)
    .ARM.Collect$$$$00000008                 0x08000138   Section        0  entry7b.o(.ARM.Collect$$$$00000008)
    .ARM.Collect$$$$0000000A                 0x08000138   Section        0  entry8b.o(.ARM.Collect$$$$0000000A)
    .ARM.Collect$$$$0000000B                 0x08000138   Section        8  entry9a.o(.ARM.Collect$$$$0000000B)
    .ARM.Collect$$$$0000000D                 0x08000140   Section        0  entry10a.o(.ARM.Collect$$$$0000000D)
    .ARM.Collect$$$$0000000F                 0x08000140   Section        0  entry11a.o(.ARM.Collect$$$$0000000F)
    .ARM.Collect$$$$00002712                 0x08000140   Section        4  entry2.o(.ARM.Collect$$$$00002712)
    __lit__00000000                          0x08000140   Data           4  entry2.o(.ARM.Collect$$$$00002712)
    .text                                    0x08000144   Section       36  startup_gd32f30x_hd.o(.text)
    $v0                                      0x08000144   Number         0  startup_gd32f30x_hd.o(.text)
    .text                                    0x08000168   Section        0  memcpya.o(.text)
    .text                                    0x0800018c   Section        0  memseta.o(.text)
    .text                                    0x080001b0   Section        0  memcmp.o(.text)
    .text                                    0x080001cc   Section       36  init.o(.text)
    i.BusFault_Handler                       0x080001f0   Section        0  gd32f30x_it.o(i.BusFault_Handler)
    i.DebugMon_Handler                       0x080001f4   Section        0  gd32f30x_it.o(i.DebugMon_Handler)
    i.E2Prom                                 0x080001f8   Section        0  drv_eprom.o(i.E2Prom)
    i.HardFault_Handler                      0x08000408   Section        0  gd32f30x_it.o(i.HardFault_Handler)
    i.I2CF_NoAck                             0x0800040c   Section        0  drv_eprom.o(i.I2CF_NoAck)
    i.I2CF_RX_Ack                            0x08000444   Section        0  drv_eprom.o(i.I2CF_RX_Ack)
    i.I2CF_ReceiveByte                       0x08000494   Section        0  drv_eprom.o(i.I2CF_ReceiveByte)
    i.I2CF_SendByte                          0x08000508   Section        0  drv_eprom.o(i.I2CF_SendByte)
    i.I2CF_Start                             0x0800058c   Section        0  drv_eprom.o(i.I2CF_Start)
    i.I2CF_Stop                              0x080005e0   Section        0  drv_eprom.o(i.I2CF_Stop)
    i.I2CF_TX_Ack                            0x08000648   Section        0  drv_eprom.o(i.I2CF_TX_Ack)
    i.I2C_FRAM_BufferRead                    0x08000680   Section        0  drv_eprom.o(i.I2C_FRAM_BufferRead)
    i.I2C_FRAM_BufferWrite                   0x08000754   Section        0  drv_eprom.o(i.I2C_FRAM_BufferWrite)
    i.LINE_I2C_DAT_IN                        0x0800080c   Section        0  drv_eprom.o(i.LINE_I2C_DAT_IN)
    i.LINE_I2C_DAT_OUT                       0x08000828   Section        0  drv_eprom.o(i.LINE_I2C_DAT_OUT)
    i.Led_Dis_Chr                            0x08000844   Section        0  leddis.o(i.Led_Dis_Chr)
    i.Led_Dis_Task                           0x08000a0c   Section        0  leddis.o(i.Led_Dis_Task)
    i.Led_Dis_Update                         0x08000a14   Section        0  leddis.o(i.Led_Dis_Update)
    i.Led_Init                               0x08000af4   Section        0  leddis.o(i.Led_Init)
    i.Led_Set_Uint                           0x08000bdc   Section        0  leddis.o(i.Led_Set_Uint)
    i.MemManage_Handler                      0x08000c24   Section        0  gd32f30x_it.o(i.MemManage_Handler)
    i.NMI_Handler                            0x08000c28   Section        0  gd32f30x_it.o(i.NMI_Handler)
    i.PendSV_Handler                         0x08000c2a   Section        0  gd32f30x_it.o(i.PendSV_Handler)
    i.SVC_Handler                            0x08000c2c   Section        0  gd32f30x_it.o(i.SVC_Handler)
    i.SysTick_Handler                        0x08000c2e   Section        0  gd32f30x_it.o(i.SysTick_Handler)
    i.SystemInit                             0x08000c30   Section        0  system_gd32f30x.o(i.SystemInit)
    i.TIMER0_UP_IRQHandler                   0x08000ca0   Section        0  gd32f30x_it.o(i.TIMER0_UP_IRQHandler)
    i.USART0_IRQHandler                      0x08000cc0   Section        0  gd32f30x_it.o(i.USART0_IRQHandler)
    i.USBD_LP_CAN0_RX0_IRQHandler            0x08000d50   Section        0  can.o(i.USBD_LP_CAN0_RX0_IRQHandler)
    i.UsageFault_Handler                     0x08000da4   Section        0  gd32f30x_it.o(i.UsageFault_Handler)
    i.__scatterload_copy                     0x08000da8   Section       14  handlers.o(i.__scatterload_copy)
    i.__scatterload_null                     0x08000db6   Section        2  handlers.o(i.__scatterload_null)
    i.__scatterload_zeroinit                 0x08000db8   Section       14  handlers.o(i.__scatterload_zeroinit)
    i._get_baud_rate                         0x08000dc6   Section        0  can.o(i._get_baud_rate)
    _get_baud_rate                           0x08000dc7   Thumb Code   144  can.o(i._get_baud_rate)
    i._parse_data_cx                         0x08000e58   Section        0  api_excom.o(i._parse_data_cx)
    _parse_data_cx                           0x08000e59   Thumb Code   674  api_excom.o(i._parse_data_cx)
    i._parse_data_dx                         0x08001108   Section        0  api_excom.o(i._parse_data_dx)
    _parse_data_dx                           0x08001109   Thumb Code   582  api_excom.o(i._parse_data_dx)
    i._parse_data_ex                         0x08001358   Section        0  api_excom.o(i._parse_data_ex)
    _parse_data_ex                           0x08001359   Thumb Code   718  api_excom.o(i._parse_data_ex)
    i._parse_data_fx                         0x08001630   Section        0  api_excom.o(i._parse_data_fx)
    _parse_data_fx                           0x08001631   Thumb Code  1902  api_excom.o(i._parse_data_fx)
    i.api_read_sys_par                       0x08001da8   Section        0  sys_par.o(i.api_read_sys_par)
    i.api_save_sys_par                       0x08001e40   Section        0  sys_par.o(i.api_save_sys_par)
    i.can1_buffer_add_msg                    0x08001e78   Section        0  buffer.o(i.can1_buffer_add_msg)
    i.can1_buffer_get_msg                    0x08001ea4   Section        0  buffer.o(i.can1_buffer_get_msg)
    i.can1_send_msg                          0x08001ecc   Section        0  can.o(i.can1_send_msg)
    i.can1_task                              0x08001f1c   Section        0  api_canbus.o(i.can1_task)
    i.can_buffer_init                        0x08002420   Section        0  buffer.o(i.can_buffer_init)
    i.can_conf                               0x08002454   Section        0  can.o(i.can_conf)
    i.can_deinit                             0x0800250c   Section        0  gd32f30x_can.o(i.can_deinit)
    i.can_filter_config                      0x0800252c   Section        0  sys_main.o(i.can_filter_config)
    i.can_filter_init                        0x080026ac   Section        0  gd32f30x_can.o(i.can_filter_init)
    i.can_flag_get                           0x080027bc   Section        0  gd32f30x_can.o(i.can_flag_get)
    i.can_init                               0x080027da   Section        0  gd32f30x_can.o(i.can_init)
    i.can_interrupt_enable                   0x080028fc   Section        0  gd32f30x_can.o(i.can_interrupt_enable)
    i.can_message_receive                    0x08002904   Section        0  gd32f30x_can.o(i.can_message_receive)
    i.can_message_transmit                   0x080029e8   Section        0  gd32f30x_can.o(i.can_message_transmit)
    i.can_msg_parse                          0x08002b38   Section        0  api_canbus.o(i.can_msg_parse)
    i.can_reset                              0x08002f18   Section        0  sys_main.o(i.can_reset)
    i.can_set_filter32                       0x08002f44   Section        0  can.o(i.can_set_filter32)
    i.can_struct_para_init                   0x08002f98   Section        0  gd32f30x_can.o(i.can_struct_para_init)
    i.can_transmission_stop                  0x0800303c   Section        0  gd32f30x_can.o(i.can_transmission_stop)
    i.check_crc16                            0x0800308c   Section        0  api_excom.o(i.check_crc16)
    i.create_queue                           0x080030c4   Section        0  queue.o(i.create_queue)
    i.delay_init                             0x080030f0   Section        0  delay.o(i.delay_init)
    i.delay_ms                               0x0800312c   Section        0  delay.o(i.delay_ms)
    i.delay_us                               0x08003178   Section        0  delay.o(i.delay_us)
    i.drv_eprom_init                         0x080031c4   Section        0  drv_eprom.o(i.drv_eprom_init)
    i.drv_io_init                            0x080031f4   Section        0  drv_io.o(i.drv_io_init)
    i.drv_pwm_init                           0x080032ec   Section        0  drv_pwm.o(i.drv_pwm_init)
    i.drv_sci_b_init                         0x08003350   Section        0  drv_sci.o(i.drv_sci_b_init)
    i.drv_sci_init                           0x08003418   Section        0  drv_sci.o(i.drv_sci_init)
    i.excom_init                             0x08003420   Section        0  api_excom.o(i.excom_init)
    i.excom_rx                               0x08003444   Section        0  api_excom.o(i.excom_rx)
    i.excom_task                             0x08003648   Section        0  api_excom.o(i.excom_task)
    i.excom_tx                               0x08003908   Section        0  api_excom.o(i.excom_tx)
    i.gpio_bit_write                         0x0800395c   Section        0  gd32f30x_gpio.o(i.gpio_bit_write)
    i.gpio_init                              0x08003966   Section        0  gd32f30x_gpio.o(i.gpio_init)
    i.gpio_input_bit_get                     0x08003a22   Section        0  gd32f30x_gpio.o(i.gpio_input_bit_get)
    i.gpio_pin_remap_config                  0x08003a34   Section        0  gd32f30x_gpio.o(i.gpio_pin_remap_config)
    i.led_flash                              0x08003ac4   Section        0  sys_main.o(i.led_flash)
    i.main                                   0x08003b1c   Section        0  main.o(i.main)
    i.main_init                              0x08003b3a   Section        0  sys_main.o(i.main_init)
    i.main_isr                               0x08003b3c   Section        0  sys_main.o(i.main_isr)
    i.main_task                              0x08003b50   Section        0  sys_main.o(i.main_task)
    i.main_ticker                            0x08003ba0   Section        0  sys_main.o(i.main_ticker)
    i.malloc                                 0x08003c2c   Section        0  malloc.o(i.malloc)
    i.nvic_init                              0x08003c98   Section        0  nvic.o(i.nvic_init)
    i.nvic_irq_enable                        0x08003ca4   Section        0  gd32f30x_misc.o(i.nvic_irq_enable)
    i.nvic_priority_group_set                0x08003d68   Section        0  gd32f30x_misc.o(i.nvic_priority_group_set)
    i.nvic_vector_table_set                  0x08003d7c   Section        0  gd32f30x_misc.o(i.nvic_vector_table_set)
    i.queue_join                             0x08003d90   Section        0  queue.o(i.queue_join)
    i.queue_quit                             0x08003dba   Section        0  queue.o(i.queue_quit)
    i.rcu_clock_freq_get                     0x08003df0   Section        0  gd32f30x_rcu.o(i.rcu_clock_freq_get)
    i.rcu_periph_clock_enable                0x08003f48   Section        0  gd32f30x_rcu.o(i.rcu_periph_clock_enable)
    i.rcu_periph_reset_disable               0x08003f68   Section        0  gd32f30x_rcu.o(i.rcu_periph_reset_disable)
    i.rcu_periph_reset_enable                0x08003f88   Section        0  gd32f30x_rcu.o(i.rcu_periph_reset_enable)
    i.sys_hard_init                          0x08003fa8   Section        0  sys_hard.o(i.sys_hard_init)
    i.sys_hard_load_port                     0x08003fb4   Section        0  sys_hard.o(i.sys_hard_load_port)
    i.sys_hard_read_port                     0x08003fd8   Section        0  sys_hard.o(i.sys_hard_read_port)
    i.sys_par_check                          0x08004080   Section        0  sys_par.o(i.sys_par_check)
    i.sys_par_init                           0x08004298   Section        0  sys_par.o(i.sys_par_init)
    i.sys_par_read                           0x08004340   Section        0  sys_par.o(i.sys_par_read)
    i.sys_par_write                          0x08004374   Section        0  sys_par.o(i.sys_par_write)
    i.sys_task                               0x080043a8   Section        0  sys_task.o(i.sys_task)
    i.sys_task_init                          0x080043f0   Section        0  sys_task.o(i.sys_task_init)
    i.system_clock_120m_hxtal                0x080043fc   Section        0  system_gd32f30x.o(i.system_clock_120m_hxtal)
    system_clock_120m_hxtal                  0x080043fd   Thumb Code   258  system_gd32f30x.o(i.system_clock_120m_hxtal)
    i.system_clock_config                    0x08004510   Section        0  system_gd32f30x.o(i.system_clock_config)
    system_clock_config                      0x08004511   Thumb Code     8  system_gd32f30x.o(i.system_clock_config)
    i.systick_clksource_set                  0x08004518   Section        0  gd32f30x_misc.o(i.systick_clksource_set)
    i.timer_disable                          0x08004540   Section        0  gd32f30x_timer.o(i.timer_disable)
    i.timer_enable                           0x0800454a   Section        0  gd32f30x_timer.o(i.timer_enable)
    i.timer_flag_clear                       0x08004554   Section        0  gd32f30x_timer.o(i.timer_flag_clear)
    i.timer_init                             0x0800455c   Section        0  gd32f30x_timer.o(i.timer_init)
    i.timer_interrupt_enable                 0x080045f4   Section        0  gd32f30x_timer.o(i.timer_interrupt_enable)
    i.timer_interrupt_flag_clear             0x080045fc   Section        0  gd32f30x_timer.o(i.timer_interrupt_flag_clear)
    i.timer_interrupt_flag_get               0x08004602   Section        0  gd32f30x_timer.o(i.timer_interrupt_flag_get)
    i.usart_baudrate_set                     0x0800461c   Section        0  gd32f30x_usart.o(i.usart_baudrate_set)
    i.usart_data_receive                     0x080046ac   Section        0  gd32f30x_usart.o(i.usart_data_receive)
    i.usart_data_transmit                    0x080046b6   Section        0  gd32f30x_usart.o(i.usart_data_transmit)
    i.usart_deinit                           0x080046c0   Section        0  gd32f30x_usart.o(i.usart_deinit)
    i.usart_enable                           0x08004750   Section        0  gd32f30x_usart.o(i.usart_enable)
    i.usart_flag_clear                       0x0800475a   Section        0  gd32f30x_usart.o(i.usart_flag_clear)
    i.usart_interrupt_enable                 0x08004774   Section        0  gd32f30x_usart.o(i.usart_interrupt_enable)
    i.usart_interrupt_flag_clear             0x0800478e   Section        0  gd32f30x_usart.o(i.usart_interrupt_flag_clear)
    i.usart_interrupt_flag_get               0x080047a8   Section        0  gd32f30x_usart.o(i.usart_interrupt_flag_get)
    i.usart_parity_config                    0x080047e0   Section        0  gd32f30x_usart.o(i.usart_parity_config)
    i.usart_receive_config                   0x080047f0   Section        0  gd32f30x_usart.o(i.usart_receive_config)
    i.usart_stop_bit_set                     0x08004800   Section        0  gd32f30x_usart.o(i.usart_stop_bit_set)
    i.usart_transmit_config                  0x08004810   Section        0  gd32f30x_usart.o(i.usart_transmit_config)
    i.usart_word_length_set                  0x08004820   Section        0  gd32f30x_usart.o(i.usart_word_length_set)
    .constdata                               0x08004830   Section      760  sys_par.o(.constdata)
    .constdata                               0x08004b28   Section      512  api_excom.o(.constdata)
    .constdata                               0x08004d28   Section       13  leddis.o(.constdata)
    .data                                    0x20000000   Section        2  sys_hard.o(.data)
    .data                                    0x20000004   Section       18  sys_main.o(.data)
    Ticker                                   0x20000010   Data           4  sys_main.o(.data)
    psr                                      0x20000014   Data           2  sys_main.o(.data)
    .data                                    0x20000016   Section        4  sys_task.o(.data)
    .data                                    0x2000001a   Section        1  api_canbus.o(.data)
    psr                                      0x2000001a   Data           1  api_canbus.o(.data)
    .data                                    0x2000001c   Section        4  delay.o(.data)
    fac_us                                   0x2000001c   Data           1  delay.o(.data)
    fac_ms                                   0x2000001e   Data           2  delay.o(.data)
    .data                                    0x20000020   Section       24  drv_eprom.o(.data)
    sts                                      0x20000024   Data           2  drv_eprom.o(.data)
    uads                                     0x20000026   Data           2  drv_eprom.o(.data)
    ulen                                     0x20000028   Data           2  drv_eprom.o(.data)
    page_id                                  0x2000002a   Data           2  drv_eprom.o(.data)
    page_ads                                 0x2000002c   Data           2  drv_eprom.o(.data)
    page_offset                              0x2000002e   Data           2  drv_eprom.o(.data)
    page_ofs_dp                              0x20000030   Data           2  drv_eprom.o(.data)
    i                                        0x20000032   Data           2  drv_eprom.o(.data)
    dpi                                      0x20000034   Data           4  drv_eprom.o(.data)
    .data                                    0x20000038   Section        4  mvars.o(.data)
    .data                                    0x2000003c   Section        4  mvars.o(.data)
    .bss                                     0x20000040   Section      192  sys_par.o(.bss)
    .bss                                     0x20000100   Section      592  api_canbus.o(.bss)
    .bss                                     0x20000350   Section      268  api_excom.o(.bss)
    .bss                                     0x2000045c   Section       16  leddis.o(.bss)
    .bss                                     0x2000046c   Section      412  buffer.o(.bss)
    .bss                                     0x20000608   Section       16  drv_eprom.o(.bss)
    HEAP                                     0x20000618   Section     1024  startup_gd32f30x_hd.o(HEAP)
    STACK                                    0x20000a18   Section     1024  startup_gd32f30x_hd.o(STACK)

    Global Symbols

    Symbol Name                              Value     Ov Type        Size  Object(Section)

    BuildAttributes$$THM_ISAv4$E$P$D$K$B$S$7EM$VFPi3$EXTD16$VFPS$VFMA$PE$A:L22UL41UL21$X:L11$S22US41US21$IEEE1$IW$USESV6$~STKCKD$USESV7$~SHL$OSPACE$EBA8$MICROLIB$REQ8$PRES8$EABIv2 0x00000000   Number         0  anon$$obj.o ABSOLUTE
    __ARM_use_no_argv                        0x00000000   Number         0  main.o ABSOLUTE
    __cpp_initialize__aeabi_                  - Undefined Weak Reference
    __cxa_finalize                            - Undefined Weak Reference
    __decompress                              - Undefined Weak Reference
    _clock_init                               - Undefined Weak Reference
    _microlib_exit                            - Undefined Weak Reference
    __Vectors_Size                           0x00000130   Number         0  startup_gd32f30x_hd.o ABSOLUTE
    __Vectors                                0x08000000   Data           4  startup_gd32f30x_hd.o(RESET)
    __Vectors_End                            0x08000130   Data           0  startup_gd32f30x_hd.o(RESET)
    __main                                   0x08000131   Thumb Code     0  entry.o(.ARM.Collect$$$$00000000)
    _main_stk                                0x08000131   Thumb Code     0  entry2.o(.ARM.Collect$$$$00000001)
    _main_scatterload                        0x08000135   Thumb Code     0  entry5.o(.ARM.Collect$$$$00000004)
    __main_after_scatterload                 0x08000139   Thumb Code     0  entry5.o(.ARM.Collect$$$$00000004)
    _main_clock                              0x08000139   Thumb Code     0  entry7b.o(.ARM.Collect$$$$00000008)
    _main_cpp_init                           0x08000139   Thumb Code     0  entry8b.o(.ARM.Collect$$$$0000000A)
    _main_init                               0x08000139   Thumb Code     0  entry9a.o(.ARM.Collect$$$$0000000B)
    __rt_final_cpp                           0x08000141   Thumb Code     0  entry10a.o(.ARM.Collect$$$$0000000D)
    __rt_final_exit                          0x08000141   Thumb Code     0  entry11a.o(.ARM.Collect$$$$0000000F)
    Reset_Handler                            0x08000145   Thumb Code     8  startup_gd32f30x_hd.o(.text)
    ADC0_1_IRQHandler                        0x0800015f   Thumb Code     0  startup_gd32f30x_hd.o(.text)
    ADC2_IRQHandler                          0x0800015f   Thumb Code     0  startup_gd32f30x_hd.o(.text)
    CAN0_EWMC_IRQHandler                     0x0800015f   Thumb Code     0  startup_gd32f30x_hd.o(.text)
    CAN0_RX1_IRQHandler                      0x0800015f   Thumb Code     0  startup_gd32f30x_hd.o(.text)
    DMA0_Channel0_IRQHandler                 0x0800015f   Thumb Code     0  startup_gd32f30x_hd.o(.text)
    DMA0_Channel1_IRQHandler                 0x0800015f   Thumb Code     0  startup_gd32f30x_hd.o(.text)
    DMA0_Channel2_IRQHandler                 0x0800015f   Thumb Code     0  startup_gd32f30x_hd.o(.text)
    DMA0_Channel3_IRQHandler                 0x0800015f   Thumb Code     0  startup_gd32f30x_hd.o(.text)
    DMA0_Channel4_IRQHandler                 0x0800015f   Thumb Code     0  startup_gd32f30x_hd.o(.text)
    DMA0_Channel5_IRQHandler                 0x0800015f   Thumb Code     0  startup_gd32f30x_hd.o(.text)
    DMA0_Channel6_IRQHandler                 0x0800015f   Thumb Code     0  startup_gd32f30x_hd.o(.text)
    DMA1_Channel0_IRQHandler                 0x0800015f   Thumb Code     0  startup_gd32f30x_hd.o(.text)
    DMA1_Channel1_IRQHandler                 0x0800015f   Thumb Code     0  startup_gd32f30x_hd.o(.text)
    DMA1_Channel2_IRQHandler                 0x0800015f   Thumb Code     0  startup_gd32f30x_hd.o(.text)
    DMA1_Channel3_4_IRQHandler               0x0800015f   Thumb Code     0  startup_gd32f30x_hd.o(.text)
    EXMC_IRQHandler                          0x0800015f   Thumb Code     0  startup_gd32f30x_hd.o(.text)
    EXTI0_IRQHandler                         0x0800015f   Thumb Code     0  startup_gd32f30x_hd.o(.text)
    EXTI10_15_IRQHandler                     0x0800015f   Thumb Code     0  startup_gd32f30x_hd.o(.text)
    EXTI1_IRQHandler                         0x0800015f   Thumb Code     0  startup_gd32f30x_hd.o(.text)
    EXTI2_IRQHandler                         0x0800015f   Thumb Code     0  startup_gd32f30x_hd.o(.text)
    EXTI3_IRQHandler                         0x0800015f   Thumb Code     0  startup_gd32f30x_hd.o(.text)
    EXTI4_IRQHandler                         0x0800015f   Thumb Code     0  startup_gd32f30x_hd.o(.text)
    EXTI5_9_IRQHandler                       0x0800015f   Thumb Code     0  startup_gd32f30x_hd.o(.text)
    FMC_IRQHandler                           0x0800015f   Thumb Code     0  startup_gd32f30x_hd.o(.text)
    I2C0_ER_IRQHandler                       0x0800015f   Thumb Code     0  startup_gd32f30x_hd.o(.text)
    I2C0_EV_IRQHandler                       0x0800015f   Thumb Code     0  startup_gd32f30x_hd.o(.text)
    I2C1_ER_IRQHandler                       0x0800015f   Thumb Code     0  startup_gd32f30x_hd.o(.text)
    I2C1_EV_IRQHandler                       0x0800015f   Thumb Code     0  startup_gd32f30x_hd.o(.text)
    LVD_IRQHandler                           0x0800015f   Thumb Code     0  startup_gd32f30x_hd.o(.text)
    RCU_CTC_IRQHandler                       0x0800015f   Thumb Code     0  startup_gd32f30x_hd.o(.text)
    RTC_Alarm_IRQHandler                     0x0800015f   Thumb Code     0  startup_gd32f30x_hd.o(.text)
    RTC_IRQHandler                           0x0800015f   Thumb Code     0  startup_gd32f30x_hd.o(.text)
    SDIO_IRQHandler                          0x0800015f   Thumb Code     0  startup_gd32f30x_hd.o(.text)
    SPI0_IRQHandler                          0x0800015f   Thumb Code     0  startup_gd32f30x_hd.o(.text)
    SPI1_IRQHandler                          0x0800015f   Thumb Code     0  startup_gd32f30x_hd.o(.text)
    SPI2_IRQHandler                          0x0800015f   Thumb Code     0  startup_gd32f30x_hd.o(.text)
    TAMPER_IRQHandler                        0x0800015f   Thumb Code     0  startup_gd32f30x_hd.o(.text)
    TIMER0_BRK_IRQHandler                    0x0800015f   Thumb Code     0  startup_gd32f30x_hd.o(.text)
    TIMER0_Channel_IRQHandler                0x0800015f   Thumb Code     0  startup_gd32f30x_hd.o(.text)
    TIMER0_TRG_CMT_IRQHandler                0x0800015f   Thumb Code     0  startup_gd32f30x_hd.o(.text)
    TIMER1_IRQHandler                        0x0800015f   Thumb Code     0  startup_gd32f30x_hd.o(.text)
    TIMER2_IRQHandler                        0x0800015f   Thumb Code     0  startup_gd32f30x_hd.o(.text)
    TIMER3_IRQHandler                        0x0800015f   Thumb Code     0  startup_gd32f30x_hd.o(.text)
    TIMER4_IRQHandler                        0x0800015f   Thumb Code     0  startup_gd32f30x_hd.o(.text)
    TIMER5_IRQHandler                        0x0800015f   Thumb Code     0  startup_gd32f30x_hd.o(.text)
    TIMER6_IRQHandler                        0x0800015f   Thumb Code     0  startup_gd32f30x_hd.o(.text)
    TIMER7_BRK_IRQHandler                    0x0800015f   Thumb Code     0  startup_gd32f30x_hd.o(.text)
    TIMER7_Channel_IRQHandler                0x0800015f   Thumb Code     0  startup_gd32f30x_hd.o(.text)
    TIMER7_TRG_CMT_IRQHandler                0x0800015f   Thumb Code     0  startup_gd32f30x_hd.o(.text)
    TIMER7_UP_IRQHandler                     0x0800015f   Thumb Code     0  startup_gd32f30x_hd.o(.text)
    UART3_IRQHandler                         0x0800015f   Thumb Code     0  startup_gd32f30x_hd.o(.text)
    UART4_IRQHandler                         0x0800015f   Thumb Code     0  startup_gd32f30x_hd.o(.text)
    USART1_IRQHandler                        0x0800015f   Thumb Code     0  startup_gd32f30x_hd.o(.text)
    USART2_IRQHandler                        0x0800015f   Thumb Code     0  startup_gd32f30x_hd.o(.text)
    USBD_HP_CAN0_TX_IRQHandler               0x0800015f   Thumb Code     0  startup_gd32f30x_hd.o(.text)
    USBD_WKUP_IRQHandler                     0x0800015f   Thumb Code     0  startup_gd32f30x_hd.o(.text)
    WWDGT_IRQHandler                         0x0800015f   Thumb Code     0  startup_gd32f30x_hd.o(.text)
    __aeabi_memcpy                           0x08000169   Thumb Code    36  memcpya.o(.text)
    __aeabi_memcpy4                          0x08000169   Thumb Code     0  memcpya.o(.text)
    __aeabi_memcpy8                          0x08000169   Thumb Code     0  memcpya.o(.text)
    __aeabi_memset                           0x0800018d   Thumb Code    14  memseta.o(.text)
    __aeabi_memset4                          0x0800018d   Thumb Code     0  memseta.o(.text)
    __aeabi_memset8                          0x0800018d   Thumb Code     0  memseta.o(.text)
    __aeabi_memclr                           0x0800019b   Thumb Code     4  memseta.o(.text)
    __aeabi_memclr4                          0x0800019b   Thumb Code     0  memseta.o(.text)
    __aeabi_memclr8                          0x0800019b   Thumb Code     0  memseta.o(.text)
    _memset$wrapper                          0x0800019f   Thumb Code    18  memseta.o(.text)
    memcmp                                   0x080001b1   Thumb Code    26  memcmp.o(.text)
    __scatterload                            0x080001cd   Thumb Code    28  init.o(.text)
    __scatterload_rt2                        0x080001cd   Thumb Code     0  init.o(.text)
    BusFault_Handler                         0x080001f1   Thumb Code     4  gd32f30x_it.o(i.BusFault_Handler)
    DebugMon_Handler                         0x080001f5   Thumb Code     2  gd32f30x_it.o(i.DebugMon_Handler)
    E2Prom                                   0x080001f9   Thumb Code   522  drv_eprom.o(i.E2Prom)
    HardFault_Handler                        0x08000409   Thumb Code     4  gd32f30x_it.o(i.HardFault_Handler)
    I2CF_NoAck                               0x0800040d   Thumb Code    52  drv_eprom.o(i.I2CF_NoAck)
    I2CF_RX_Ack                              0x08000445   Thumb Code    76  drv_eprom.o(i.I2CF_RX_Ack)
    I2CF_ReceiveByte                         0x08000495   Thumb Code   110  drv_eprom.o(i.I2CF_ReceiveByte)
    I2CF_SendByte                            0x08000509   Thumb Code   126  drv_eprom.o(i.I2CF_SendByte)
    I2CF_Start                               0x0800058d   Thumb Code    78  drv_eprom.o(i.I2CF_Start)
    I2CF_Stop                                0x080005e1   Thumb Code   100  drv_eprom.o(i.I2CF_Stop)
    I2CF_TX_Ack                              0x08000649   Thumb Code    52  drv_eprom.o(i.I2CF_TX_Ack)
    I2C_FRAM_BufferRead                      0x08000681   Thumb Code   206  drv_eprom.o(i.I2C_FRAM_BufferRead)
    I2C_FRAM_BufferWrite                     0x08000755   Thumb Code   178  drv_eprom.o(i.I2C_FRAM_BufferWrite)
    LINE_I2C_DAT_IN                          0x0800080d   Thumb Code    24  drv_eprom.o(i.LINE_I2C_DAT_IN)
    LINE_I2C_DAT_OUT                         0x08000829   Thumb Code    24  drv_eprom.o(i.LINE_I2C_DAT_OUT)
    Led_Dis_Chr                              0x08000845   Thumb Code   438  leddis.o(i.Led_Dis_Chr)
    Led_Dis_Task                             0x08000a0d   Thumb Code     8  leddis.o(i.Led_Dis_Task)
    Led_Dis_Update                           0x08000a15   Thumb Code   218  leddis.o(i.Led_Dis_Update)
    Led_Init                                 0x08000af5   Thumb Code   220  leddis.o(i.Led_Init)
    Led_Set_Uint                             0x08000bdd   Thumb Code    68  leddis.o(i.Led_Set_Uint)
    MemManage_Handler                        0x08000c25   Thumb Code     4  gd32f30x_it.o(i.MemManage_Handler)
    NMI_Handler                              0x08000c29   Thumb Code     2  gd32f30x_it.o(i.NMI_Handler)
    PendSV_Handler                           0x08000c2b   Thumb Code     2  gd32f30x_it.o(i.PendSV_Handler)
    SVC_Handler                              0x08000c2d   Thumb Code     2  gd32f30x_it.o(i.SVC_Handler)
    SysTick_Handler                          0x08000c2f   Thumb Code     2  gd32f30x_it.o(i.SysTick_Handler)
    SystemInit                               0x08000c31   Thumb Code   100  system_gd32f30x.o(i.SystemInit)
    TIMER0_UP_IRQHandler                     0x08000ca1   Thumb Code    26  gd32f30x_it.o(i.TIMER0_UP_IRQHandler)
    USART0_IRQHandler                        0x08000cc1   Thumb Code   122  gd32f30x_it.o(i.USART0_IRQHandler)
    USBD_LP_CAN0_RX0_IRQHandler              0x08000d51   Thumb Code    80  can.o(i.USBD_LP_CAN0_RX0_IRQHandler)
    UsageFault_Handler                       0x08000da5   Thumb Code     4  gd32f30x_it.o(i.UsageFault_Handler)
    __scatterload_copy                       0x08000da9   Thumb Code    14  handlers.o(i.__scatterload_copy)
    __scatterload_null                       0x08000db7   Thumb Code     2  handlers.o(i.__scatterload_null)
    __scatterload_zeroinit                   0x08000db9   Thumb Code    14  handlers.o(i.__scatterload_zeroinit)
    api_read_sys_par                         0x08001da9   Thumb Code   142  sys_par.o(i.api_read_sys_par)
    api_save_sys_par                         0x08001e41   Thumb Code    46  sys_par.o(i.api_save_sys_par)
    can1_buffer_add_msg                      0x08001e79   Thumb Code    40  buffer.o(i.can1_buffer_add_msg)
    can1_buffer_get_msg                      0x08001ea5   Thumb Code    34  buffer.o(i.can1_buffer_get_msg)
    can1_send_msg                            0x08001ecd   Thumb Code    74  can.o(i.can1_send_msg)
    can1_task                                0x08001f1d   Thumb Code  1278  api_canbus.o(i.can1_task)
    can_buffer_init                          0x08002421   Thumb Code    46  buffer.o(i.can_buffer_init)
    can_conf                                 0x08002455   Thumb Code   174  can.o(i.can_conf)
    can_deinit                               0x0800250d   Thumb Code    28  gd32f30x_can.o(i.can_deinit)
    can_filter_config                        0x0800252d   Thumb Code   374  sys_main.o(i.can_filter_config)
    can_filter_init                          0x080026ad   Thumb Code   262  gd32f30x_can.o(i.can_filter_init)
    can_flag_get                             0x080027bd   Thumb Code    30  gd32f30x_can.o(i.can_flag_get)
    can_init                                 0x080027db   Thumb Code   290  gd32f30x_can.o(i.can_init)
    can_interrupt_enable                     0x080028fd   Thumb Code     8  gd32f30x_can.o(i.can_interrupt_enable)
    can_message_receive                      0x08002905   Thumb Code   228  gd32f30x_can.o(i.can_message_receive)
    can_message_transmit                     0x080029e9   Thumb Code   332  gd32f30x_can.o(i.can_message_transmit)
    can_msg_parse                            0x08002b39   Thumb Code   974  api_canbus.o(i.can_msg_parse)
    can_reset                                0x08002f19   Thumb Code    38  sys_main.o(i.can_reset)
    can_set_filter32                         0x08002f45   Thumb Code    84  can.o(i.can_set_filter32)
    can_struct_para_init                     0x08002f99   Thumb Code   164  gd32f30x_can.o(i.can_struct_para_init)
    can_transmission_stop                    0x0800303d   Thumb Code    80  gd32f30x_can.o(i.can_transmission_stop)
    check_crc16                              0x0800308d   Thumb Code    48  api_excom.o(i.check_crc16)
    create_queue                             0x080030c5   Thumb Code    44  queue.o(i.create_queue)
    delay_init                               0x080030f1   Thumb Code    52  delay.o(i.delay_init)
    delay_ms                                 0x0800312d   Thumb Code    72  delay.o(i.delay_ms)
    delay_us                                 0x08003179   Thumb Code    72  delay.o(i.delay_us)
    drv_eprom_init                           0x080031c5   Thumb Code    44  drv_eprom.o(i.drv_eprom_init)
    drv_io_init                              0x080031f5   Thumb Code   236  drv_io.o(i.drv_io_init)
    drv_pwm_init                             0x080032ed   Thumb Code    96  drv_pwm.o(i.drv_pwm_init)
    drv_sci_b_init                           0x08003351   Thumb Code   190  drv_sci.o(i.drv_sci_b_init)
    drv_sci_init                             0x08003419   Thumb Code     8  drv_sci.o(i.drv_sci_init)
    excom_init                               0x08003421   Thumb Code    30  api_excom.o(i.excom_init)
    excom_rx                                 0x08003445   Thumb Code   510  api_excom.o(i.excom_rx)
    excom_task                               0x08003649   Thumb Code   682  api_excom.o(i.excom_task)
    excom_tx                                 0x08003909   Thumb Code    72  api_excom.o(i.excom_tx)
    gpio_bit_write                           0x0800395d   Thumb Code    10  gd32f30x_gpio.o(i.gpio_bit_write)
    gpio_init                                0x08003967   Thumb Code   188  gd32f30x_gpio.o(i.gpio_init)
    gpio_input_bit_get                       0x08003a23   Thumb Code    16  gd32f30x_gpio.o(i.gpio_input_bit_get)
    gpio_pin_remap_config                    0x08003a35   Thumb Code   138  gd32f30x_gpio.o(i.gpio_pin_remap_config)
    led_flash                                0x08003ac5   Thumb Code    78  sys_main.o(i.led_flash)
    main                                     0x08003b1d   Thumb Code    30  main.o(i.main)
    main_init                                0x08003b3b   Thumb Code     2  sys_main.o(i.main_init)
    main_isr                                 0x08003b3d   Thumb Code    20  sys_main.o(i.main_isr)
    main_task                                0x08003b51   Thumb Code    74  sys_main.o(i.main_task)
    main_ticker                              0x08003ba1   Thumb Code   116  sys_main.o(i.main_ticker)
    malloc                                   0x08003c2d   Thumb Code    92  malloc.o(i.malloc)
    nvic_init                                0x08003c99   Thumb Code    12  nvic.o(i.nvic_init)
    nvic_irq_enable                          0x08003ca5   Thumb Code   186  gd32f30x_misc.o(i.nvic_irq_enable)
    nvic_priority_group_set                  0x08003d69   Thumb Code    10  gd32f30x_misc.o(i.nvic_priority_group_set)
    nvic_vector_table_set                    0x08003d7d   Thumb Code    12  gd32f30x_misc.o(i.nvic_vector_table_set)
    queue_join                               0x08003d91   Thumb Code    42  queue.o(i.queue_join)
    queue_quit                               0x08003dbb   Thumb Code    52  queue.o(i.queue_quit)
    rcu_clock_freq_get                       0x08003df1   Thumb Code   310  gd32f30x_rcu.o(i.rcu_clock_freq_get)
    rcu_periph_clock_enable                  0x08003f49   Thumb Code    28  gd32f30x_rcu.o(i.rcu_periph_clock_enable)
    rcu_periph_reset_disable                 0x08003f69   Thumb Code    28  gd32f30x_rcu.o(i.rcu_periph_reset_disable)
    rcu_periph_reset_enable                  0x08003f89   Thumb Code    28  gd32f30x_rcu.o(i.rcu_periph_reset_enable)
    sys_hard_init                            0x08003fa9   Thumb Code     8  sys_hard.o(i.sys_hard_init)
    sys_hard_load_port                       0x08003fb5   Thumb Code    26  sys_hard.o(i.sys_hard_load_port)
    sys_hard_read_port                       0x08003fd9   Thumb Code   156  sys_hard.o(i.sys_hard_read_port)
    sys_par_check                            0x08004081   Thumb Code   530  sys_par.o(i.sys_par_check)
    sys_par_init                             0x08004299   Thumb Code   162  sys_par.o(i.sys_par_init)
    sys_par_read                             0x08004341   Thumb Code    52  sys_par.o(i.sys_par_read)
    sys_par_write                            0x08004375   Thumb Code    52  sys_par.o(i.sys_par_write)
    sys_task                                 0x080043a9   Thumb Code    64  sys_task.o(i.sys_task)
    sys_task_init                            0x080043f1   Thumb Code     8  sys_task.o(i.sys_task_init)
    systick_clksource_set                    0x08004519   Thumb Code    40  gd32f30x_misc.o(i.systick_clksource_set)
    timer_disable                            0x08004541   Thumb Code    10  gd32f30x_timer.o(i.timer_disable)
    timer_enable                             0x0800454b   Thumb Code    10  gd32f30x_timer.o(i.timer_enable)
    timer_flag_clear                         0x08004555   Thumb Code     6  gd32f30x_timer.o(i.timer_flag_clear)
    timer_init                               0x0800455d   Thumb Code   122  gd32f30x_timer.o(i.timer_init)
    timer_interrupt_enable                   0x080045f5   Thumb Code     8  gd32f30x_timer.o(i.timer_interrupt_enable)
    timer_interrupt_flag_clear               0x080045fd   Thumb Code     6  gd32f30x_timer.o(i.timer_interrupt_flag_clear)
    timer_interrupt_flag_get                 0x08004603   Thumb Code    24  gd32f30x_timer.o(i.timer_interrupt_flag_get)
    usart_baudrate_set                       0x0800461d   Thumb Code   136  gd32f30x_usart.o(i.usart_baudrate_set)
    usart_data_receive                       0x080046ad   Thumb Code    10  gd32f30x_usart.o(i.usart_data_receive)
    usart_data_transmit                      0x080046b7   Thumb Code     8  gd32f30x_usart.o(i.usart_data_transmit)
    usart_deinit                             0x080046c1   Thumb Code   136  gd32f30x_usart.o(i.usart_deinit)
    usart_enable                             0x08004751   Thumb Code    10  gd32f30x_usart.o(i.usart_enable)
    usart_flag_clear                         0x0800475b   Thumb Code    26  gd32f30x_usart.o(i.usart_flag_clear)
    usart_interrupt_enable                   0x08004775   Thumb Code    26  gd32f30x_usart.o(i.usart_interrupt_enable)
    usart_interrupt_flag_clear               0x0800478f   Thumb Code    26  gd32f30x_usart.o(i.usart_interrupt_flag_clear)
    usart_interrupt_flag_get                 0x080047a9   Thumb Code    56  gd32f30x_usart.o(i.usart_interrupt_flag_get)
    usart_parity_config                      0x080047e1   Thumb Code    16  gd32f30x_usart.o(i.usart_parity_config)
    usart_receive_config                     0x080047f1   Thumb Code    16  gd32f30x_usart.o(i.usart_receive_config)
    usart_stop_bit_set                       0x08004801   Thumb Code    16  gd32f30x_usart.o(i.usart_stop_bit_set)
    usart_transmit_config                    0x08004811   Thumb Code    16  gd32f30x_usart.o(i.usart_transmit_config)
    usart_word_length_set                    0x08004821   Thumb Code    16  gd32f30x_usart.o(i.usart_word_length_set)
    Par_S_InitVar                            0x08004830   Data         760  sys_par.o(.constdata)
    auchCRCHi                                0x08004b28   Data         256  api_excom.o(.constdata)
    auchCRCLo                                0x08004c28   Data         256  api_excom.o(.constdata)
    LED_CODE                                 0x08004d28   Data          13  leddis.o(.constdata)
    Region$$Table$$Base                      0x08004d38   Number         0  anon$$obj.o(Region$$Table)
    Region$$Table$$Limit                     0x08004d58   Number         0  anon$$obj.o(Region$$Table)
    gSysHard                                 0x20000000   Data           2  sys_hard.o(.data)
    Can_Err_Cnt                              0x20000004   Data           2  sys_main.o(.data)
    FilterID                                 0x20000008   Data           4  sys_main.o(.data)
    FilterMask                               0x2000000c   Data           4  sys_main.o(.data)
    gSysCtlVar                               0x20000016   Data           4  sys_task.o(.data)
    FRAM_ADDRESS                             0x20000020   Data           1  drv_eprom.o(.data)
    E2PromWaitCnt                            0x20000022   Data           2  drv_eprom.o(.data)
    __microlib_freelist                      0x20000038   Data           4  mvars.o(.data)
    __microlib_freelist_initialised          0x2000003c   Data           4  mvars.o(.data)
    gSysPar                                  0x20000040   Data          76  sys_par.o(.bss)
    gSysParBk                                0x2000008c   Data          76  sys_par.o(.bss)
    gSysPar_RT                               0x200000d8   Data          20  sys_par.o(.bss)
    gSysPar_RT_Bk                            0x200000ec   Data          20  sys_par.o(.bss)
    gCanBusCtl1                              0x20000100   Data         180  api_canbus.o(.bss)
    gStsVal                                  0x200001b4   Data         336  api_canbus.o(.bss)
    gSysPar_RdBack                           0x20000304   Data          76  api_canbus.o(.bss)
    gExCom                                   0x20000350   Data         268  api_excom.o(.bss)
    gLed                                     0x2000045c   Data          16  leddis.o(.bss)
    g_can1_buffer                            0x2000046c   Data         412  buffer.o(.bss)
    FRAM_Buff                                0x20000608   Data          16  drv_eprom.o(.bss)
    __heap_base                              0x20000618   Data           0  startup_gd32f30x_hd.o(HEAP)
    __heap_limit                             0x20000a18   Data           0  startup_gd32f30x_hd.o(HEAP)
    __initial_sp                             0x20000e18   Data           0  startup_gd32f30x_hd.o(STACK)



==============================================================================

Memory Map of the image

  Image Entry point : 0x08000131

  Load Region LR_IROM1 (Base: 0x08000000, Size: 0x00004d98, Max: 0x00040000, ABSOLUTE)

    Execution Region ER_IROM1 (Exec base: 0x08000000, Load base: 0x08000000, Size: 0x00004d58, Max: 0x00040000, ABSOLUTE)

    Exec Addr    Load Addr    Size         Type   Attr      Idx    E Section Name        Object

    0x08000000   0x08000000   0x00000130   Data   RO         4037    RESET               startup_gd32f30x_hd.o
    0x08000130   0x08000130   0x00000000   Code   RO         5035  * .ARM.Collect$$$$00000000  mc_w.l(entry.o)
    0x08000130   0x08000130   0x00000004   Code   RO         5074    .ARM.Collect$$$$00000001  mc_w.l(entry2.o)
    0x08000134   0x08000134   0x00000004   Code   RO         5077    .ARM.Collect$$$$00000004  mc_w.l(entry5.o)
    0x08000138   0x08000138   0x00000000   Code   RO         5079    .ARM.Collect$$$$00000008  mc_w.l(entry7b.o)
    0x08000138   0x08000138   0x00000000   Code   RO         5081    .ARM.Collect$$$$0000000A  mc_w.l(entry8b.o)
    0x08000138   0x08000138   0x00000008   Code   RO         5082    .ARM.Collect$$$$0000000B  mc_w.l(entry9a.o)
    0x08000140   0x08000140   0x00000000   Code   RO         5084    .ARM.Collect$$$$0000000D  mc_w.l(entry10a.o)
    0x08000140   0x08000140   0x00000000   Code   RO         5086    .ARM.Collect$$$$0000000F  mc_w.l(entry11a.o)
    0x08000140   0x08000140   0x00000004   Code   RO         5075    .ARM.Collect$$$$00002712  mc_w.l(entry2.o)
    0x08000144   0x08000144   0x00000024   Code   RO         4038    .text               startup_gd32f30x_hd.o
    0x08000168   0x08000168   0x00000024   Code   RO         5038    .text               mc_w.l(memcpya.o)
    0x0800018c   0x0800018c   0x00000024   Code   RO         5040    .text               mc_w.l(memseta.o)
    0x080001b0   0x080001b0   0x0000001a   Code   RO         5042    .text               mc_w.l(memcmp.o)
    0x080001ca   0x080001ca   0x00000002   PAD
    0x080001cc   0x080001cc   0x00000024   Code   RO         5090    .text               mc_w.l(init.o)
    0x080001f0   0x080001f0   0x00000004   Code   RO         4149    i.BusFault_Handler  gd32f30x_it.o
    0x080001f4   0x080001f4   0x00000002   Code   RO         4150    i.DebugMon_Handler  gd32f30x_it.o
    0x080001f6   0x080001f6   0x00000002   PAD
    0x080001f8   0x080001f8   0x00000210   Code   RO         4900    i.E2Prom            drv_eprom.o
    0x08000408   0x08000408   0x00000004   Code   RO         4151    i.HardFault_Handler  gd32f30x_it.o
    0x0800040c   0x0800040c   0x00000038   Code   RO         4902    i.I2CF_NoAck        drv_eprom.o
    0x08000444   0x08000444   0x00000050   Code   RO         4903    i.I2CF_RX_Ack       drv_eprom.o
    0x08000494   0x08000494   0x00000074   Code   RO         4904    i.I2CF_ReceiveByte  drv_eprom.o
    0x08000508   0x08000508   0x00000084   Code   RO         4905    i.I2CF_SendByte     drv_eprom.o
    0x0800058c   0x0800058c   0x00000054   Code   RO         4906    i.I2CF_Start        drv_eprom.o
    0x080005e0   0x080005e0   0x00000068   Code   RO         4907    i.I2CF_Stop         drv_eprom.o
    0x08000648   0x08000648   0x00000038   Code   RO         4908    i.I2CF_TX_Ack       drv_eprom.o
    0x08000680   0x08000680   0x000000d4   Code   RO         4909    i.I2C_FRAM_BufferRead  drv_eprom.o
    0x08000754   0x08000754   0x000000b8   Code   RO         4910    i.I2C_FRAM_BufferWrite  drv_eprom.o
    0x0800080c   0x0800080c   0x0000001c   Code   RO         4912    i.LINE_I2C_DAT_IN   drv_eprom.o
    0x08000828   0x08000828   0x0000001c   Code   RO         4913    i.LINE_I2C_DAT_OUT  drv_eprom.o
    0x08000844   0x08000844   0x000001c8   Code   RO         4561    i.Led_Dis_Chr       leddis.o
    0x08000a0c   0x08000a0c   0x00000008   Code   RO         4562    i.Led_Dis_Task      leddis.o
    0x08000a14   0x08000a14   0x000000e0   Code   RO         4563    i.Led_Dis_Update    leddis.o
    0x08000af4   0x08000af4   0x000000e8   Code   RO         4564    i.Led_Init          leddis.o
    0x08000bdc   0x08000bdc   0x00000048   Code   RO         4568    i.Led_Set_Uint      leddis.o
    0x08000c24   0x08000c24   0x00000004   Code   RO         4152    i.MemManage_Handler  gd32f30x_it.o
    0x08000c28   0x08000c28   0x00000002   Code   RO         4153    i.NMI_Handler       gd32f30x_it.o
    0x08000c2a   0x08000c2a   0x00000002   Code   RO         4154    i.PendSV_Handler    gd32f30x_it.o
    0x08000c2c   0x08000c2c   0x00000002   Code   RO         4155    i.SVC_Handler       gd32f30x_it.o
    0x08000c2e   0x08000c2e   0x00000002   Code   RO         4156    i.SysTick_Handler   gd32f30x_it.o
    0x08000c30   0x08000c30   0x00000070   Code   RO         3996    i.SystemInit        system_gd32f30x.o
    0x08000ca0   0x08000ca0   0x00000020   Code   RO         4157    i.TIMER0_UP_IRQHandler  gd32f30x_it.o
    0x08000cc0   0x08000cc0   0x00000090   Code   RO         4158    i.USART0_IRQHandler  gd32f30x_it.o
    0x08000d50   0x08000d50   0x00000054   Code   RO         4770    i.USBD_LP_CAN0_RX0_IRQHandler  can.o
    0x08000da4   0x08000da4   0x00000004   Code   RO         4159    i.UsageFault_Handler  gd32f30x_it.o
    0x08000da8   0x08000da8   0x0000000e   Code   RO         5094    i.__scatterload_copy  mc_w.l(handlers.o)
    0x08000db6   0x08000db6   0x00000002   Code   RO         5095    i.__scatterload_null  mc_w.l(handlers.o)
    0x08000db8   0x08000db8   0x0000000e   Code   RO         5096    i.__scatterload_zeroinit  mc_w.l(handlers.o)
    0x08000dc6   0x08000dc6   0x00000090   Code   RO         4771    i._get_baud_rate    can.o
    0x08000e56   0x08000e56   0x00000002   PAD
    0x08000e58   0x08000e58   0x000002b0   Code   RO         4483    i._parse_data_cx    api_excom.o
    0x08001108   0x08001108   0x00000250   Code   RO         4484    i._parse_data_dx    api_excom.o
    0x08001358   0x08001358   0x000002d8   Code   RO         4485    i._parse_data_ex    api_excom.o
    0x08001630   0x08001630   0x00000778   Code   RO         4486    i._parse_data_fx    api_excom.o
    0x08001da8   0x08001da8   0x00000098   Code   RO         4334    i.api_read_sys_par  sys_par.o
    0x08001e40   0x08001e40   0x00000038   Code   RO         4336    i.api_save_sys_par  sys_par.o
    0x08001e78   0x08001e78   0x0000002c   Code   RO         4635    i.can1_buffer_add_msg  buffer.o
    0x08001ea4   0x08001ea4   0x00000028   Code   RO         4636    i.can1_buffer_get_msg  buffer.o
    0x08001ecc   0x08001ecc   0x00000050   Code   RO         4772    i.can1_send_msg     can.o
    0x08001f1c   0x08001f1c   0x00000504   Code   RO         4450    i.can1_task         api_canbus.o
    0x08002420   0x08002420   0x00000034   Code   RO         4637    i.can_buffer_init   buffer.o
    0x08002454   0x08002454   0x000000b8   Code   RO         4773    i.can_conf          can.o
    0x0800250c   0x0800250c   0x00000020   Code   RO          471    i.can_deinit        gd32f30x_can.o
    0x0800252c   0x0800252c   0x00000180   Code   RO         4270    i.can_filter_config  sys_main.o
    0x080026ac   0x080026ac   0x00000110   Code   RO          474    i.can_filter_init   gd32f30x_can.o
    0x080027bc   0x080027bc   0x0000001e   Code   RO          476    i.can_flag_get      gd32f30x_can.o
    0x080027da   0x080027da   0x00000122   Code   RO          477    i.can_init          gd32f30x_can.o
    0x080028fc   0x080028fc   0x00000008   Code   RO          479    i.can_interrupt_enable  gd32f30x_can.o
    0x08002904   0x08002904   0x000000e4   Code   RO          482    i.can_message_receive  gd32f30x_can.o
    0x080029e8   0x080029e8   0x00000150   Code   RO          483    i.can_message_transmit  gd32f30x_can.o
    0x08002b38   0x08002b38   0x000003e0   Code   RO         4451    i.can_msg_parse     api_canbus.o
    0x08002f18   0x08002f18   0x0000002c   Code   RO         4271    i.can_reset         sys_main.o
    0x08002f44   0x08002f44   0x00000054   Code   RO         4776    i.can_set_filter32  can.o
    0x08002f98   0x08002f98   0x000000a4   Code   RO          486    i.can_struct_para_init  gd32f30x_can.o
    0x0800303c   0x0800303c   0x00000050   Code   RO          489    i.can_transmission_stop  gd32f30x_can.o
    0x0800308c   0x0800308c   0x00000038   Code   RO         4488    i.check_crc16       api_excom.o
    0x080030c4   0x080030c4   0x0000002c   Code   RO         4674    i.create_queue      queue.o
    0x080030f0   0x080030f0   0x0000003c   Code   RO         4706    i.delay_init        delay.o
    0x0800312c   0x0800312c   0x0000004c   Code   RO         4707    i.delay_ms          delay.o
    0x08003178   0x08003178   0x0000004c   Code   RO         4708    i.delay_us          delay.o
    0x080031c4   0x080031c4   0x00000030   Code   RO         4914    i.drv_eprom_init    drv_eprom.o
    0x080031f4   0x080031f4   0x000000f8   Code   RO         4825    i.drv_io_init       drv_io.o
    0x080032ec   0x080032ec   0x00000064   Code   RO         4845    i.drv_pwm_init      drv_pwm.o
    0x08003350   0x08003350   0x000000c8   Code   RO         5011    i.drv_sci_b_init    drv_sci.o
    0x08003418   0x08003418   0x00000008   Code   RO         5012    i.drv_sci_init      drv_sci.o
    0x08003420   0x08003420   0x00000024   Code   RO         4489    i.excom_init        api_excom.o
    0x08003444   0x08003444   0x00000204   Code   RO         4490    i.excom_rx          api_excom.o
    0x08003648   0x08003648   0x000002c0   Code   RO         4491    i.excom_task        api_excom.o
    0x08003908   0x08003908   0x00000054   Code   RO         4492    i.excom_tx          api_excom.o
    0x0800395c   0x0800395c   0x0000000a   Code   RO         1785    i.gpio_bit_write    gd32f30x_gpio.o
    0x08003966   0x08003966   0x000000bc   Code   RO         1793    i.gpio_init         gd32f30x_gpio.o
    0x08003a22   0x08003a22   0x00000010   Code   RO         1794    i.gpio_input_bit_get  gd32f30x_gpio.o
    0x08003a32   0x08003a32   0x00000002   PAD
    0x08003a34   0x08003a34   0x00000090   Code   RO         1799    i.gpio_pin_remap_config  gd32f30x_gpio.o
    0x08003ac4   0x08003ac4   0x00000058   Code   RO         4272    i.led_flash         sys_main.o
    0x08003b1c   0x08003b1c   0x0000001e   Code   RO         4045    i.main              main.o
    0x08003b3a   0x08003b3a   0x00000002   Code   RO         4273    i.main_init         sys_main.o
    0x08003b3c   0x08003b3c   0x00000014   Code   RO         4274    i.main_isr          sys_main.o
    0x08003b50   0x08003b50   0x00000050   Code   RO         4275    i.main_task         sys_main.o
    0x08003ba0   0x08003ba0   0x0000008c   Code   RO         4276    i.main_ticker       sys_main.o
    0x08003c2c   0x08003c2c   0x0000006c   Code   RO         5047    i.malloc            mc_w.l(malloc.o)
    0x08003c98   0x08003c98   0x0000000c   Code   RO         4740    i.nvic_init         nvic.o
    0x08003ca4   0x08003ca4   0x000000c4   Code   RO         2111    i.nvic_irq_enable   gd32f30x_misc.o
    0x08003d68   0x08003d68   0x00000014   Code   RO         2112    i.nvic_priority_group_set  gd32f30x_misc.o
    0x08003d7c   0x08003d7c   0x00000014   Code   RO         2113    i.nvic_vector_table_set  gd32f30x_misc.o
    0x08003d90   0x08003d90   0x0000002a   Code   RO         4676    i.queue_join        queue.o
    0x08003dba   0x08003dba   0x00000034   Code   RO         4677    i.queue_quit        queue.o
    0x08003dee   0x08003dee   0x00000002   PAD
    0x08003df0   0x08003df0   0x00000158   Code   RO         2310    i.rcu_clock_freq_get  gd32f30x_rcu.o
    0x08003f48   0x08003f48   0x00000020   Code   RO         2328    i.rcu_periph_clock_enable  gd32f30x_rcu.o
    0x08003f68   0x08003f68   0x00000020   Code   RO         2331    i.rcu_periph_reset_disable  gd32f30x_rcu.o
    0x08003f88   0x08003f88   0x00000020   Code   RO         2332    i.rcu_periph_reset_enable  gd32f30x_rcu.o
    0x08003fa8   0x08003fa8   0x0000000c   Code   RO         4232    i.sys_hard_init     sys_hard.o
    0x08003fb4   0x08003fb4   0x00000024   Code   RO         4233    i.sys_hard_load_port  sys_hard.o
    0x08003fd8   0x08003fd8   0x000000a8   Code   RO         4234    i.sys_hard_read_port  sys_hard.o
    0x08004080   0x08004080   0x00000218   Code   RO         4339    i.sys_par_check     sys_par.o
    0x08004298   0x08004298   0x000000a8   Code   RO         4340    i.sys_par_init      sys_par.o
    0x08004340   0x08004340   0x00000034   Code   RO         4341    i.sys_par_read      sys_par.o
    0x08004374   0x08004374   0x00000034   Code   RO         4342    i.sys_par_write     sys_par.o
    0x080043a8   0x080043a8   0x00000048   Code   RO         4418    i.sys_task          sys_task.o
    0x080043f0   0x080043f0   0x0000000c   Code   RO         4419    i.sys_task_init     sys_task.o
    0x080043fc   0x080043fc   0x00000114   Code   RO         3997    i.system_clock_120m_hxtal  system_gd32f30x.o
    0x08004510   0x08004510   0x00000008   Code   RO         3998    i.system_clock_config  system_gd32f30x.o
    0x08004518   0x08004518   0x00000028   Code   RO         2116    i.systick_clksource_set  gd32f30x_misc.o
    0x08004540   0x08004540   0x0000000a   Code   RO         3217    i.timer_disable     gd32f30x_timer.o
    0x0800454a   0x0800454a   0x0000000a   Code   RO         3221    i.timer_enable      gd32f30x_timer.o
    0x08004554   0x08004554   0x00000006   Code   RO         3228    i.timer_flag_clear  gd32f30x_timer.o
    0x0800455a   0x0800455a   0x00000002   PAD
    0x0800455c   0x0800455c   0x00000098   Code   RO         3231    i.timer_init        gd32f30x_timer.o
    0x080045f4   0x080045f4   0x00000008   Code   RO         3238    i.timer_interrupt_enable  gd32f30x_timer.o
    0x080045fc   0x080045fc   0x00000006   Code   RO         3239    i.timer_interrupt_flag_clear  gd32f30x_timer.o
    0x08004602   0x08004602   0x00000018   Code   RO         3240    i.timer_interrupt_flag_get  gd32f30x_timer.o
    0x0800461a   0x0800461a   0x00000002   PAD
    0x0800461c   0x0800461c   0x00000090   Code   RO         3626    i.usart_baudrate_set  gd32f30x_usart.o
    0x080046ac   0x080046ac   0x0000000a   Code   RO         3629    i.usart_data_receive  gd32f30x_usart.o
    0x080046b6   0x080046b6   0x00000008   Code   RO         3630    i.usart_data_transmit  gd32f30x_usart.o
    0x080046be   0x080046be   0x00000002   PAD
    0x080046c0   0x080046c0   0x00000090   Code   RO         3631    i.usart_deinit      gd32f30x_usart.o
    0x08004750   0x08004750   0x0000000a   Code   RO         3635    i.usart_enable      gd32f30x_usart.o
    0x0800475a   0x0800475a   0x0000001a   Code   RO         3636    i.usart_flag_clear  gd32f30x_usart.o
    0x08004774   0x08004774   0x0000001a   Code   RO         3644    i.usart_interrupt_enable  gd32f30x_usart.o
    0x0800478e   0x0800478e   0x0000001a   Code   RO         3645    i.usart_interrupt_flag_clear  gd32f30x_usart.o
    0x080047a8   0x080047a8   0x00000038   Code   RO         3646    i.usart_interrupt_flag_get  gd32f30x_usart.o
    0x080047e0   0x080047e0   0x00000010   Code   RO         3657    i.usart_parity_config  gd32f30x_usart.o
    0x080047f0   0x080047f0   0x00000010   Code   RO         3659    i.usart_receive_config  gd32f30x_usart.o
    0x08004800   0x08004800   0x00000010   Code   RO         3669    i.usart_stop_bit_set  gd32f30x_usart.o
    0x08004810   0x08004810   0x00000010   Code   RO         3673    i.usart_transmit_config  gd32f30x_usart.o
    0x08004820   0x08004820   0x00000010   Code   RO         3674    i.usart_word_length_set  gd32f30x_usart.o
    0x08004830   0x08004830   0x000002f8   Data   RO         4344    .constdata          sys_par.o
    0x08004b28   0x08004b28   0x00000200   Data   RO         4494    .constdata          api_excom.o
    0x08004d28   0x08004d28   0x0000000d   Data   RO         4570    .constdata          leddis.o
    0x08004d35   0x08004d35   0x00000003   PAD
    0x08004d38   0x08004d38   0x00000020   Data   RO         5092    Region$$Table       anon$$obj.o


    Execution Region RW_IRAM1 (Exec base: 0x20000000, Load base: 0x08004d58, Size: 0x00000e18, Max: 0x0000c000, ABSOLUTE)

    Exec Addr    Load Addr    Size         Type   Attr      Idx    E Section Name        Object

    0x20000000   0x08004d58   0x00000002   Data   RW         4235    .data               sys_hard.o
    0x20000002   0x08004d5a   0x00000002   PAD
    0x20000004   0x08004d5c   0x00000012   Data   RW         4277    .data               sys_main.o
    0x20000016   0x08004d6e   0x00000004   Data   RW         4420    .data               sys_task.o
    0x2000001a   0x08004d72   0x00000001   Data   RW         4453    .data               api_canbus.o
    0x2000001b   0x08004d73   0x00000001   PAD
    0x2000001c   0x08004d74   0x00000004   Data   RW         4709    .data               delay.o
    0x20000020   0x08004d78   0x00000018   Data   RW         4916    .data               drv_eprom.o
    0x20000038   0x08004d90   0x00000004   Data   RW         5088    .data               mc_w.l(mvars.o)
    0x2000003c   0x08004d94   0x00000004   Data   RW         5089    .data               mc_w.l(mvars.o)
    0x20000040        -       0x000000c0   Zero   RW         4343    .bss                sys_par.o
    0x20000100        -       0x00000250   Zero   RW         4452    .bss                api_canbus.o
    0x20000350        -       0x0000010c   Zero   RW         4493    .bss                api_excom.o
    0x2000045c        -       0x00000010   Zero   RW         4569    .bss                leddis.o
    0x2000046c        -       0x0000019c   Zero   RW         4638    .bss                buffer.o
    0x20000608        -       0x00000010   Zero   RW         4915    .bss                drv_eprom.o
    0x20000618        -       0x00000400   Zero   RW         4036    HEAP                startup_gd32f30x_hd.o
    0x20000a18        -       0x00000400   Zero   RW         4035    STACK               startup_gd32f30x_hd.o


==============================================================================

Image component sizes


      Code (inc. data)   RO Data    RW Data    ZI Data      Debug   Object Name

      2276         44          0          1        592       4673   api_canbus.o
      5316        122        512          0        268       9647   api_excom.o
       136         16          0          0        412       2918   buffer.o
       576         26          0          0          0       3976   can.o
       212         16          0          4          0       1927   delay.o
      1656         64          0         24         16      10710   drv_eprom.o
       248         12          0          0          0        614   drv_io.o
       100          4          0          0          0        559   drv_pwm.o
       208         10          0          0          0       1064   drv_sci.o
         0          0          0          0          0      76208   gd32f30x_adc.o
      1440         18          0          0          0       7424   gd32f30x_can.o
       358          6          0          0          0       3274   gd32f30x_gpio.o
       202         28          0          0          0       5397   gd32f30x_it.o
       276         28          0          0          0       2836   gd32f30x_misc.o
       440         46          0          0          0       3200   gd32f30x_rcu.o
       216         30          0          0          0       5120   gd32f30x_timer.o
       530         16          0          0          0       9680   gd32f30x_usart.o
       992         40         13          0         16       5900   leddis.o
        30          0          0          0          0       3724   main.o
        12          0          0          0          0        496   nvic.o
       138          0          0          0          0       2497   queue.o
        36          8        304          0       2048        896   startup_gd32f30x_hd.o
       216         26          0          2          0       2101   sys_hard.o
       758         56          0         18          0       4151   sys_main.o
      1016         32        760          0        192       6327   sys_par.o
        84         12          0          4          0       1588   sys_task.o
       396         30          0          0          0       2485   system_gd32f30x.o

    ----------------------------------------------------------------------
     17882        690       1624         56       3544     179392   Object Totals
         0          0         32          0          0          0   (incl. Generated)
        14          0          3          3          0          0   (incl. Padding)

    ----------------------------------------------------------------------

      Code (inc. data)   RO Data    RW Data    ZI Data      Debug   Library Member Name

         0          0          0          0          0          0   entry.o
         0          0          0          0          0          0   entry10a.o
         0          0          0          0          0          0   entry11a.o
         8          4          0          0          0          0   entry2.o
         4          0          0          0          0          0   entry5.o
         0          0          0          0          0          0   entry7b.o
         0          0          0          0          0          0   entry8b.o
         8          4          0          0          0          0   entry9a.o
        30          0          0          0          0          0   handlers.o
        36          8          0          0          0         68   init.o
       108         16          0          0          0         84   malloc.o
        26          0          0          0          0         80   memcmp.o
        36          0          0          0          0         68   memcpya.o
        36          0          0          0          0        108   memseta.o
         0          0          0          8          0          0   mvars.o

    ----------------------------------------------------------------------
       294         32          0          8          0        408   Library Totals
         2          0          0          0          0          0   (incl. Padding)

    ----------------------------------------------------------------------

      Code (inc. data)   RO Data    RW Data    ZI Data      Debug   Library Name

       292         32          0          8          0        408   mc_w.l

    ----------------------------------------------------------------------
       294         32          0          8          0        408   Library Totals

    ----------------------------------------------------------------------

==============================================================================


      Code (inc. data)   RO Data    RW Data    ZI Data      Debug   

     18176        722       1624         64       3544     168048   Grand Totals
     18176        722       1624         64       3544     168048   ELF Image Totals
     18176        722       1624         64          0          0   ROM Totals

==============================================================================

    Total RO  Size (Code + RO Data)                19800 (  19.34kB)
    Total RW  Size (RW Data + ZI Data)              3608 (   3.52kB)
    Total ROM Size (Code + RO Data + RW Data)      19864 (  19.40kB)

==============================================================================

